Archive member included to satisfy reference by file (symbol)

/usr/lib/gcc/arm-none-eabi/13.2.0/thumb/v7e-m+fp/hard/libgcc.a(_arm_addsubdf3.o)
                              CMakeFiles/C620_Test.elf.dir/Core/Src/main.c.obj (__aeabi_f2d)
/usr/lib/gcc/arm-none-eabi/13.2.0/thumb/v7e-m+fp/hard/libgcc.a(_arm_addsubsf3.o)
                              CMakeFiles/C620_Test.elf.dir/CANLib_RoboMas/CAN_C620_System/CAN_C620_System.c.obj (__aeabi_l2f)
/usr/lib/gcc/arm-none-eabi/13.2.0/thumb/v7e-m+fp/hard/libgcc.a(_aeabi_uldivmod.o)
                              CMakeFiles/C620_Test.elf.dir/Drivers/STM32F7xx_HAL_Driver/Src/stm32f7xx_hal_rcc.c.obj (__aeabi_uldivmod)
/usr/lib/gcc/arm-none-eabi/13.2.0/thumb/v7e-m+fp/hard/libgcc.a(_udivmoddi4.o)
                              /usr/lib/gcc/arm-none-eabi/13.2.0/thumb/v7e-m+fp/hard/libgcc.a(_aeabi_uldivmod.o) (__udivmoddi4)
/usr/lib/gcc/arm-none-eabi/13.2.0/thumb/v7e-m+fp/hard/libgcc.a(_dvmd_tls.o)
                              /usr/lib/gcc/arm-none-eabi/13.2.0/thumb/v7e-m+fp/hard/libgcc.a(_aeabi_uldivmod.o) (__aeabi_ldiv0)
/usr/lib/gcc/arm-none-eabi/13.2.0/../../../../arm-none-eabi/lib/thumb/v7e-m+fp/hard/libg.a(libc_a-atexit.o)
                              /usr/lib/gcc/arm-none-eabi/13.2.0/../../../../arm-none-eabi/lib/thumb/v7e-m+fp/hard/crt0.o (atexit)
/usr/lib/gcc/arm-none-eabi/13.2.0/../../../../arm-none-eabi/lib/thumb/v7e-m+fp/hard/libg.a(libc_a-exit.o)
                              /usr/lib/gcc/arm-none-eabi/13.2.0/../../../../arm-none-eabi/lib/thumb/v7e-m+fp/hard/crt0.o (exit)
/usr/lib/gcc/arm-none-eabi/13.2.0/../../../../arm-none-eabi/lib/thumb/v7e-m+fp/hard/libg.a(libc_a-findfp.o)
                              /usr/lib/gcc/arm-none-eabi/13.2.0/../../../../arm-none-eabi/lib/thumb/v7e-m+fp/hard/libg.a(libc_a-exit.o) (__stdio_exit_handler)
/usr/lib/gcc/arm-none-eabi/13.2.0/../../../../arm-none-eabi/lib/thumb/v7e-m+fp/hard/libg.a(libc_a-fwalk.o)
                              /usr/lib/gcc/arm-none-eabi/13.2.0/../../../../arm-none-eabi/lib/thumb/v7e-m+fp/hard/libg.a(libc_a-findfp.o) (_fwalk_sglue)
/usr/lib/gcc/arm-none-eabi/13.2.0/../../../../arm-none-eabi/lib/thumb/v7e-m+fp/hard/libg.a(libc_a-printf.o)
                              CMakeFiles/C620_Test.elf.dir/CANLib_RoboMas/CAN_C620/CAN_C620.c.obj (printf)
/usr/lib/gcc/arm-none-eabi/13.2.0/../../../../arm-none-eabi/lib/thumb/v7e-m+fp/hard/libg.a(libc_a-puts.o)
                              CMakeFiles/C620_Test.elf.dir/CANLib_RoboMas/CAN_C620/CAN_C620.c.obj (puts)
/usr/lib/gcc/arm-none-eabi/13.2.0/../../../../arm-none-eabi/lib/thumb/v7e-m+fp/hard/libg.a(libc_a-stdio.o)
                              /usr/lib/gcc/arm-none-eabi/13.2.0/../../../../arm-none-eabi/lib/thumb/v7e-m+fp/hard/libg.a(libc_a-findfp.o) (__sread)
/usr/lib/gcc/arm-none-eabi/13.2.0/../../../../arm-none-eabi/lib/thumb/v7e-m+fp/hard/libg.a(libc_a-memset.o)
                              /usr/lib/gcc/arm-none-eabi/13.2.0/../../../../arm-none-eabi/lib/thumb/v7e-m+fp/hard/crt0.o (memset)
/usr/lib/gcc/arm-none-eabi/13.2.0/../../../../arm-none-eabi/lib/thumb/v7e-m+fp/hard/libg.a(libc_a-closer.o)
                              /usr/lib/gcc/arm-none-eabi/13.2.0/../../../../arm-none-eabi/lib/thumb/v7e-m+fp/hard/libg.a(libc_a-stdio.o) (_close_r)
/usr/lib/gcc/arm-none-eabi/13.2.0/../../../../arm-none-eabi/lib/thumb/v7e-m+fp/hard/libg.a(libc_a-reent.o)
                              /usr/lib/gcc/arm-none-eabi/13.2.0/../../../../arm-none-eabi/lib/thumb/v7e-m+fp/hard/libg.a(libc_a-closer.o) (errno)
/usr/lib/gcc/arm-none-eabi/13.2.0/../../../../arm-none-eabi/lib/thumb/v7e-m+fp/hard/libg.a(libc_a-impure.o)
                              /usr/lib/gcc/arm-none-eabi/13.2.0/../../../../arm-none-eabi/lib/thumb/v7e-m+fp/hard/libg.a(libc_a-printf.o) (_impure_ptr)
/usr/lib/gcc/arm-none-eabi/13.2.0/../../../../arm-none-eabi/lib/thumb/v7e-m+fp/hard/libg.a(libc_a-lseekr.o)
                              /usr/lib/gcc/arm-none-eabi/13.2.0/../../../../arm-none-eabi/lib/thumb/v7e-m+fp/hard/libg.a(libc_a-stdio.o) (_lseek_r)
/usr/lib/gcc/arm-none-eabi/13.2.0/../../../../arm-none-eabi/lib/thumb/v7e-m+fp/hard/libg.a(libc_a-readr.o)
                              /usr/lib/gcc/arm-none-eabi/13.2.0/../../../../arm-none-eabi/lib/thumb/v7e-m+fp/hard/libg.a(libc_a-stdio.o) (_read_r)
/usr/lib/gcc/arm-none-eabi/13.2.0/../../../../arm-none-eabi/lib/thumb/v7e-m+fp/hard/libg.a(libc_a-writer.o)
                              /usr/lib/gcc/arm-none-eabi/13.2.0/../../../../arm-none-eabi/lib/thumb/v7e-m+fp/hard/libg.a(libc_a-stdio.o) (_write_r)
/usr/lib/gcc/arm-none-eabi/13.2.0/../../../../arm-none-eabi/lib/thumb/v7e-m+fp/hard/libg.a(libc_a-errno.o)
                              CMakeFiles/C620_Test.elf.dir/Core/Src/syscalls.c.obj (__errno)
/usr/lib/gcc/arm-none-eabi/13.2.0/../../../../arm-none-eabi/lib/thumb/v7e-m+fp/hard/libg.a(libc_a-init.o)
                              /usr/lib/gcc/arm-none-eabi/13.2.0/../../../../arm-none-eabi/lib/thumb/v7e-m+fp/hard/crt0.o (__libc_init_array)
[...]
Memory Configuration

Name             Origin             Length             Attributes
RAM              0x20000000         0x00080000         xrw
FLASH            0x08000000         0x00200000         xr
*default*        0x00000000         0xffffffff

Linker script and memory map

LOAD /usr/lib/gcc/arm-none-eabi/13.2.0/thumb/v7e-m+fp/hard/crti.o
LOAD /usr/lib/gcc/arm-none-eabi/13.2.0/thumb/v7e-m+fp/hard/crtbegin.o
LOAD /usr/lib/gcc/arm-none-eabi/13.2.0/../../../../arm-none-eabi/lib/thumb/v7e-m+fp/hard/crt0.o
LOAD CMakeFiles/C620_Test.elf.dir/CANLib_RoboMas/CAN_C620/C620_Control.c.obj
LOAD CMakeFiles/C620_Test.elf.dir/CANLib_RoboMas/CAN_C620/CAN_C620.c.obj
LOAD CMakeFiles/C620_Test.elf.dir/CANLib_RoboMas/CAN_C620_System/CAN_C620_System.c.obj
LOAD CMakeFiles/C620_Test.elf.dir/Core/Src/freertos.c.obj
LOAD CMakeFiles/C620_Test.elf.dir/Core/Src/main.c.obj
LOAD CMakeFiles/C620_Test.elf.dir/Core/Src/stm32f7xx_hal_msp.c.obj
LOAD CMakeFiles/C620_Test.elf.dir/Core/Src/stm32f7xx_it.c.obj
LOAD CMakeFiles/C620_Test.elf.dir/Core/Src/syscalls.c.obj
LOAD CMakeFiles/C620_Test.elf.dir/Core/Src/sysmem.c.obj
LOAD CMakeFiles/C620_Test.elf.dir/Core/Src/system_stm32f7xx.c.obj
LOAD CMakeFiles/C620_Test.elf.dir/Core/Startup/startup_stm32f767zitx.s.obj
LOAD CMakeFiles/C620_Test.elf.dir/Drivers/STM32F7xx_HAL_Driver/Src/stm32f7xx_hal.c.obj
LOAD CMakeFiles/C620_Test.elf.dir/Drivers/STM32F7xx_HAL_Driver/Src/stm32f7xx_hal_can.c.obj
LOAD CMakeFiles/C620_Test.elf.dir/Drivers/STM32F7xx_HAL_Driver/Src/stm32f7xx_hal_cortex.c.obj
LOAD CMakeFiles/C620_Test.elf.dir/Drivers/STM32F7xx_HAL_Driver/Src/stm32f7xx_hal_dma.c.obj
LOAD CMakeFiles/C620_Test.elf.dir/Drivers/STM32F7xx_HAL_Driver/Src/stm32f7xx_hal_dma_ex.c.obj
LOAD CMakeFiles/C620_Test.elf.dir/Drivers/STM32F7xx_HAL_Driver/Src/stm32f7xx_hal_eth.c.obj
LOAD CMakeFiles/C620_Test.elf.dir/Drivers/STM32F7xx_HAL_Driver/Src/stm32f7xx_hal_exti.c.obj
LOAD CMakeFiles/C620_Test.elf.dir/Drivers/STM32F7xx_HAL_Driver/Src/stm32f7xx_hal_flash.c.obj
LOAD CMakeFiles/C620_Test.elf.dir/Drivers/STM32F7xx_HAL_Driver/Src/stm32f7xx_hal_flash_ex.c.obj
LOAD CMakeFiles/C620_Test.elf.dir/Drivers/STM32F7xx_HAL_Driver/Src/stm32f7xx_hal_gpio.c.obj
LOAD CMakeFiles/C620_Test.elf.dir/Drivers/STM32F7xx_HAL_Driver/Src/stm32f7xx_hal_i2c.c.obj
LOAD CMakeFiles/C620_Test.elf.dir/Drivers/STM32F7xx_HAL_Driver/Src/stm32f7xx_hal_i2c_ex.c.obj
LOAD CMakeFiles/C620_Test.elf.dir/Drivers/STM32F7xx_HAL_Driver/Src/stm32f7xx_hal_pcd.c.obj
LOAD CMakeFiles/C620_Test.elf.dir/Drivers/STM32F7xx_HAL_Driver/Src/stm32f7xx_hal_pcd_ex.c.obj
LOAD CMakeFiles/C620_Test.elf.dir/Drivers/STM32F7xx_HAL_Driver/Src/stm32f7xx_hal_pwr.c.obj
LOAD CMakeFiles/C620_Test.elf.dir/Drivers/STM32F7xx_HAL_Driver/Src/stm32f7xx_hal_pwr_ex.c.obj
LOAD CMakeFiles/C620_Test.elf.dir/Drivers/STM32F7xx_HAL_Driver/Src/stm32f7xx_hal_rcc.c.obj
LOAD CMakeFiles/C620_Test.elf.dir/Drivers/STM32F7xx_HAL_Driver/Src/stm32f7xx_hal_rcc_ex.c.obj
LOAD CMakeFiles/C620_Test.elf.dir/Drivers/STM32F7xx_HAL_Driver/Src/stm32f7xx_hal_tim.c.obj
LOAD CMakeFiles/C620_Test.elf.dir/Drivers/STM32F7xx_HAL_Driver/Src/stm32f7xx_hal_tim_ex.c.obj
LOAD CMakeFiles/C620_Test.elf.dir/Drivers/STM32F7xx_HAL_Driver/Src/stm32f7xx_hal_uart.c.obj
LOAD CMakeFiles/C620_Test.elf.dir/Drivers/STM32F7xx_HAL_Driver/Src/stm32f7xx_hal_uart_ex.c.obj
LOAD CMakeFiles/C620_Test.elf.dir/Drivers/STM32F7xx_HAL_Driver/Src/stm32f7xx_ll_usb.c.obj
LOAD CMakeFiles/C620_Test.elf.dir/Middlewares/Third_Party/FreeRTOS/Source/CMSIS_RTOS_V2/cmsis_os2.c.obj
LOAD CMakeFiles/C620_Test.elf.dir/Middlewares/Third_Party/FreeRTOS/Source/croutine.c.obj
LOAD CMakeFiles/C620_Test.elf.dir/Middlewares/Third_Party/FreeRTOS/Source/event_groups.c.obj
LOAD CMakeFiles/C620_Test.elf.dir/Middlewares/Third_Party/FreeRTOS/Source/list.c.obj
LOAD CMakeFiles/C620_Test.elf.dir/Middlewares/Third_Party/FreeRTOS/Source/portable/GCC/ARM_CM7/r0p1/port.c.obj
LOAD CMakeFiles/C620_Test.elf.dir/Middlewares/Third_Party/FreeRTOS/Source/portable/MemMang/heap_4.c.obj
LOAD CMakeFiles/C620_Test.elf.dir/Middlewares/Third_Party/FreeRTOS/Source/queue.c.obj
LOAD CMakeFiles/C620_Test.elf.dir/Middlewares/Third_Party/FreeRTOS/Source/stream_buffer.c.obj
LOAD CMakeFiles/C620_Test.elf.dir/Middlewares/Third_Party/FreeRTOS/Source/tasks.c.obj
LOAD CMakeFiles/C620_Test.elf.dir/Middlewares/Third_Party/FreeRTOS/Source/timers.c.obj
START GROUP
LOAD /usr/lib/gcc/arm-none-eabi/13.2.0/thumb/v7e-m+fp/hard/libgcc.a
LOAD /usr/lib/gcc/arm-none-eabi/13.2.0/../../../../arm-none-eabi/lib/thumb/v7e-m+fp/hard/libg.a
LOAD /usr/lib/gcc/arm-none-eabi/13.2.0/../../../../arm-none-eabi/lib/thumb/v7e-m+fp/hard/libc.a
END GROUP
LOAD /usr/lib/gcc/arm-none-eabi/13.2.0/thumb/v7e-m+fp/hard/crtend.o
LOAD /usr/lib/gcc/arm-none-eabi/13.2.0/thumb/v7e-m+fp/hard/crtn.o
                0x20080000                        _estack = (ORIGIN (RAM) + LENGTH (RAM))
                0x00000200                        _Min_Heap_Size = 0x200
                0x00000400                        _Min_Stack_Size = 0x400

.isr_vector     0x08000000      0x1f8
                0x08000000                        . = ALIGN (0x4)
 *(.isr_vector)
 .isr_vector    0x08000000      0x1f8 CMakeFiles/C620_Test.elf.dir/Core/Startup/startup_stm32f767zitx.s.obj
                0x08000000                g_pfnVectors
                0x080001f8                        . = ALIGN (0x4)

.text           0x08000200     0xd1c8
                0x08000200                        . = ALIGN (0x4)
 *(.text)
 .text          0x08000200      0x378 /usr/lib/gcc/arm-none-eabi/13.2.0/thumb/v7e-m+fp/hard/libgcc.a(_arm_addsubdf3.o)
                0x08000200                __aeabi_drsub
                0x08000208                __aeabi_dsub
                0x08000208                __subdf3
                0x0800020c                __adddf3
                0x0800020c                __aeabi_dadd
                0x08000484                __aeabi_ui2d
                0x08000484                __floatunsidf
                0x080004a4                __floatsidf
                0x080004a4                __aeabi_i2d
                0x080004c8                __extendsfdf2
                0x080004c8                __aeabi_f2d
                0x0800050c                __aeabi_ul2d
                0x0800050c                __floatundidf
                0x0800051c                __floatdidf
                0x0800051c                __aeabi_l2d
 .text          0x08000578      0x21c /usr/lib/gcc/arm-none-eabi/13.2.0/thumb/v7e-m+fp/hard/libgcc.a(_arm_addsubsf3.o)
                0x08000578                __aeabi_frsub
                0x08000580                __subsf3
                0x08000580                __aeabi_fsub
                0x08000584                __aeabi_fadd
                0x08000584                __addsf3
                0x080006e4                __aeabi_ui2f
                0x080006e4                __floatunsisf
                0x080006ec                __aeabi_i2f
                0x080006ec                __floatsisf
                0x08000708                __floatundisf
                0x08000708                __aeabi_ul2f
                0x08000718                __floatdisf
                0x08000718                __aeabi_l2f
 .text          0x08000794       0x30 /usr/lib/gcc/arm-none-eabi/13.2.0/thumb/v7e-m+fp/hard/libgcc.a(_aeabi_uldivmod.o)
                0x08000794                __aeabi_uldivmod
 .text          0x080007c4        0x4 /usr/lib/gcc/arm-none-eabi/13.2.0/thumb/v7e-m+fp/hard/libgcc.a(_dvmd_tls.o)
                0x080007c4                __aeabi_ldiv0
                0x080007c4                __aeabi_idiv0
 .text          0x080007c8      0x134 /usr/lib/gcc/arm-none-eabi/13.2.0/../../../../arm-none-eabi/lib/thumb/v7e-m+fp/hard/libg.a(libc_a-memcpy.o)
                0x080007c8                memcpy
 *fill*         0x080008fc        0x4 
 .text          0x08000900       0xd8 /usr/lib/gcc/arm-none-eabi/13.2.0/../../../../arm-none-eabi/lib/thumb/v7e-m+fp/hard/libg.a(libc_a-strlen.o)
                0x08000900                strlen
 *fill*         0x080009d8        0x8 
 .text          0x080009e0       0xa0 /usr/lib/gcc/arm-none-eabi/13.2.0/../../../../arm-none-eabi/lib/thumb/v7e-m+fp/hard/libg.a(libc_a-memchr.o)
                0x080009e0                memchr
 .text          0x08000a80      0x424 /usr/lib/gcc/arm-none-eabi/13.2.0/thumb/v7e-m+fp/hard/libgcc.a(_arm_muldivdf3.o)
                0x08000a80                __aeabi_dmul
                0x08000a80                __muldf3
                0x08000cd4                __aeabi_ddiv
                0x08000cd4                __divdf3
 .text          0x08000ea4      0x110 /usr/lib/gcc/arm-none-eabi/13.2.0/thumb/v7e-m+fp/hard/libgcc.a(_arm_cmpdf2.o)
                0x08000ea4                __gtdf2
                0x08000ea4                __gedf2
                0x08000eac                __ltdf2
                0x08000eac                __ledf2
                0x08000eb4                __cmpdf2
                0x08000eb4                __eqdf2
                0x08000eb4                __nedf2
                0x08000f30                __aeabi_cdrcmple
                0x08000f40                __aeabi_cdcmple
                0x08000f40                __aeabi_cdcmpeq
                0x08000f50                __aeabi_dcmpeq
                0x08000f64                __aeabi_dcmplt
                0x08000f78                __aeabi_dcmple
                0x08000f8c                __aeabi_dcmpge
                0x08000fa0                __aeabi_dcmpgt
 .text          0x08000fb4       0x2c /usr/lib/gcc/arm-none-eabi/13.2.0/thumb/v7e-m+fp/hard/libgcc.a(_arm_unorddf2.o)
                0x08000fb4                __aeabi_dcmpun
                0x08000fb4                __unorddf2
 .text          0x08000fe0       0x50 /usr/lib/gcc/arm-none-eabi/13.2.0/thumb/v7e-m+fp/hard/libgcc.a(_arm_fixdfsi.o)
                0x08000fe0                __fixdfsi
                0x08000fe0                __aeabi_d2iz
 *(.text*)
 .text.__do_global_dtors_aux
                0x08001030       0x24 /usr/lib/gcc/arm-none-eabi/13.2.0/thumb/v7e-m+fp/hard/crtbegin.o
 .text.frame_dummy
                0x08001054       0x1c /usr/lib/gcc/arm-none-eabi/13.2.0/thumb/v7e-m+fp/hard/crtbegin.o
 .text.C620_PID_Ctrl_init
                0x08001070        0x8 CMakeFiles/C620_Test.elf.dir/CANLib_RoboMas/CAN_C620/C620_Control.c.obj
                0x08001070                C620_PID_Ctrl_init
 .text.C620_PID_Ctrl
                0x08001078       0x56 CMakeFiles/C620_Test.elf.dir/CANLib_RoboMas/CAN_C620/C620_Control.c.obj
                0x08001078                C620_PID_Ctrl
 .text.clip_f   0x080010ce       0x24 CMakeFiles/C620_Test.elf.dir/CANLib_RoboMas/CAN_C620/CAN_C620.c.obj
                0x080010ce                clip_f
 *fill*         0x080010f2        0x2 
 .text.c620_current_f2int
                0x080010f4       0x20 CMakeFiles/C620_Test.elf.dir/CANLib_RoboMas/CAN_C620/CAN_C620.c.obj
                0x080010f4                c620_current_f2int
 .text.C620_Ctrl_Struct_init
                0x08001114       0x12 CMakeFiles/C620_Test.elf.dir/CANLib_RoboMas/CAN_C620/CAN_C620.c.obj
                0x08001114                C620_Ctrl_Struct_init
 .text.C620_Init
                0x08001126       0x20 CMakeFiles/C620_Test.elf.dir/CANLib_RoboMas/CAN_C620/CAN_C620.c.obj
                0x08001126                C620_Init
 *fill*         0x08001146        0x2 
 .text.C620_SendRequest
                0x08001148      0x14c CMakeFiles/C620_Test.elf.dir/CANLib_RoboMas/CAN_C620/CAN_C620.c.obj
                0x08001148                C620_SendRequest
 .text.C620_WaitForConnect
                0x08001294       0x48 CMakeFiles/C620_Test.elf.dir/CANLib_RoboMas/CAN_C620/CAN_C620.c.obj
                0x08001294                C620_WaitForConnect
 .text.C620_SetTarget
                0x080012dc        0x6 CMakeFiles/C620_Test.elf.dir/CANLib_RoboMas/CAN_C620/CAN_C620.c.obj
                0x080012dc                C620_SetTarget
 .text.C620_ControlEnable
                0x080012e2        0x8 CMakeFiles/C620_Test.elf.dir/CANLib_RoboMas/CAN_C620/CAN_C620.c.obj
                0x080012e2                C620_ControlEnable
 .text._C620_PushTx8Bytes
                0x080012ea       0x6c CMakeFiles/C620_Test.elf.dir/CANLib_RoboMas/CAN_C620_System/CAN_C620_System.c.obj
                0x080012ea                _C620_PushTx8Bytes
 .text._C620_PopSendTx8Bytes
                0x08001356       0x78 CMakeFiles/C620_Test.elf.dir/CANLib_RoboMas/CAN_C620_System/CAN_C620_System.c.obj
                0x08001356                _C620_PopSendTx8Bytes
 *fill*         0x080013ce        0x2 
 .text.C620_SendBytes
                0x080013d0       0x78 CMakeFiles/C620_Test.elf.dir/CANLib_RoboMas/CAN_C620_System/CAN_C620_System.c.obj
                0x080013d0                C620_SendBytes
 .text.C620_WhenTxMailboxCompleteCallbackCalled
                0x08001448       0x1c CMakeFiles/C620_Test.elf.dir/CANLib_RoboMas/CAN_C620_System/CAN_C620_System.c.obj
                0x08001448                C620_WhenTxMailboxCompleteCallbackCalled
 .text.C620_WhenTxMailboxAbortCallbackCalled
                0x08001464       0x1c CMakeFiles/C620_Test.elf.dir/CANLib_RoboMas/CAN_C620_System/CAN_C620_System.c.obj
                0x08001464                C620_WhenTxMailboxAbortCallbackCalled
 .text._set_fb_data_raw
                0x08001480       0xe0 CMakeFiles/C620_Test.elf.dir/CANLib_RoboMas/CAN_C620_System/CAN_C620_System.c.obj
                0x08001480                _set_fb_data_raw
 .text.C620_WhenCANRxFifo1MsgPending
                0x08001560       0x48 CMakeFiles/C620_Test.elf.dir/CANLib_RoboMas/CAN_C620_System/CAN_C620_System.c.obj
                0x08001560                C620_WhenCANRxFifo1MsgPending
 .text.Init_C620_CAN_System
                0x080015a8      0x158 CMakeFiles/C620_Test.elf.dir/CANLib_RoboMas/CAN_C620_System/CAN_C620_System.c.obj
                0x080015a8                Init_C620_CAN_System
 .text.Get_C620_FeedbackData
                0x08001700      0x108 CMakeFiles/C620_Test.elf.dir/CANLib_RoboMas/CAN_C620_System/CAN_C620_System.c.obj
                0x08001700                Get_C620_FeedbackData
 .text.MX_GPIO_Init
                0x08001808       0xfc CMakeFiles/C620_Test.elf.dir/Core/Src/main.c.obj
 .text.MX_DMA_Init
                0x08001904       0x34 CMakeFiles/C620_Test.elf.dir/Core/Src/main.c.obj
 .text.StartDefaultTask
                0x08001938       0x48 CMakeFiles/C620_Test.elf.dir/Core/Src/main.c.obj
                0x08001938                StartDefaultTask
 .text.Callback01
                0x08001980       0x20 CMakeFiles/C620_Test.elf.dir/Core/Src/main.c.obj
                0x08001980                Callback01
 .text.__io_putchar
                0x080019a0       0x28 CMakeFiles/C620_Test.elf.dir/Core/Src/main.c.obj
                0x080019a0                __io_putchar
 .text.HAL_CAN_TxMailbox0CompleteCallback
                0x080019c8        0x8 CMakeFiles/C620_Test.elf.dir/Core/Src/main.c.obj
                0x080019c8                HAL_CAN_TxMailbox0CompleteCallback
 .text.HAL_CAN_TxMailbox0AbortCallback
                0x080019d0        0x8 CMakeFiles/C620_Test.elf.dir/Core/Src/main.c.obj
                0x080019d0                HAL_CAN_TxMailbox0AbortCallback
 .text.HAL_CAN_TxMailbox1CompleteCallback
                0x080019d8        0x8 CMakeFiles/C620_Test.elf.dir/Core/Src/main.c.obj
                0x080019d8                HAL_CAN_TxMailbox1CompleteCallback
 .text.HAL_CAN_TxMailbox1AbortCallback
                0x080019e0        0x8 CMakeFiles/C620_Test.elf.dir/Core/Src/main.c.obj
                0x080019e0                HAL_CAN_TxMailbox1AbortCallback
 .text.HAL_CAN_TxMailbox2CompleteCallback
                0x080019e8        0x8 CMakeFiles/C620_Test.elf.dir/Core/Src/main.c.obj
                0x080019e8                HAL_CAN_TxMailbox2CompleteCallback
 .text.HAL_CAN_TxMailbox2AbortCallback
                0x080019f0        0x8 CMakeFiles/C620_Test.elf.dir/Core/Src/main.c.obj
                0x080019f0                HAL_CAN_TxMailbox2AbortCallback
 .text.HAL_CAN_RxFifo1MsgPendingCallback
                0x080019f8        0x8 CMakeFiles/C620_Test.elf.dir/Core/Src/main.c.obj
                0x080019f8                HAL_CAN_RxFifo1MsgPendingCallback
 .text.Error_Handler
                0x08001a00        0x4 CMakeFiles/C620_Test.elf.dir/Core/Src/main.c.obj
                0x08001a00                Error_Handler
 .text.MX_CAN1_Init
                0x08001a04       0x40 CMakeFiles/C620_Test.elf.dir/Core/Src/main.c.obj
 .text.MX_ETH_Init
                0x08001a44       0x6c CMakeFiles/C620_Test.elf.dir/Core/Src/main.c.obj
 .text.MX_USART3_UART_Init
                0x08001ab0       0x38 CMakeFiles/C620_Test.elf.dir/Core/Src/main.c.obj
 .text.MX_USB_OTG_FS_PCD_Init
                0x08001ae8       0x34 CMakeFiles/C620_Test.elf.dir/Core/Src/main.c.obj
 .text.SystemClock_Config
                0x08001b1c       0xb4 CMakeFiles/C620_Test.elf.dir/Core/Src/main.c.obj
                0x08001b1c                SystemClock_Config
 .text.main     0x08001bd0      0x108 CMakeFiles/C620_Test.elf.dir/Core/Src/main.c.obj
                0x08001bd0                main
 .text.HAL_MspInit
                0x08001cd8       0x40 CMakeFiles/C620_Test.elf.dir/Core/Src/stm32f7xx_hal_msp.c.obj
                0x08001cd8                HAL_MspInit
 .text.HAL_CAN_MspInit
                0x08001d18       0x98 CMakeFiles/C620_Test.elf.dir/Core/Src/stm32f7xx_hal_msp.c.obj
                0x08001d18                HAL_CAN_MspInit
 .text.HAL_ETH_MspInit
                0x08001db0      0x110 CMakeFiles/C620_Test.elf.dir/Core/Src/stm32f7xx_hal_msp.c.obj
                0x08001db0                HAL_ETH_MspInit
 .text.HAL_UART_MspInit
                0x08001ec0       0xe0 CMakeFiles/C620_Test.elf.dir/Core/Src/stm32f7xx_hal_msp.c.obj
                0x08001ec0                HAL_UART_MspInit
 .text.HAL_PCD_MspInit
                0x08001fa0       0xb0 CMakeFiles/C620_Test.elf.dir/Core/Src/stm32f7xx_hal_msp.c.obj
                0x08001fa0                HAL_PCD_MspInit
 .text.NMI_Handler
                0x08002050        0x2 CMakeFiles/C620_Test.elf.dir/Core/Src/stm32f7xx_it.c.obj
                0x08002050                NMI_Handler
 .text.HardFault_Handler
                0x08002052        0x2 CMakeFiles/C620_Test.elf.dir/Core/Src/stm32f7xx_it.c.obj
                0x08002052                HardFault_Handler
 .text.MemManage_Handler
                0x08002054        0x2 CMakeFiles/C620_Test.elf.dir/Core/Src/stm32f7xx_it.c.obj
                0x08002054                MemManage_Handler
 .text.BusFault_Handler
                0x08002056        0x2 CMakeFiles/C620_Test.elf.dir/Core/Src/stm32f7xx_it.c.obj
                0x08002056                BusFault_Handler
 .text.UsageFault_Handler
                0x08002058        0x2 CMakeFiles/C620_Test.elf.dir/Core/Src/stm32f7xx_it.c.obj
                0x08002058                UsageFault_Handler
 .text.DebugMon_Handler
                0x0800205a        0x2 CMakeFiles/C620_Test.elf.dir/Core/Src/stm32f7xx_it.c.obj
                0x0800205a                DebugMon_Handler
 .text.SysTick_Handler
                0x0800205c       0x16 CMakeFiles/C620_Test.elf.dir/Core/Src/stm32f7xx_it.c.obj
                0x0800205c                SysTick_Handler
 *fill*         0x08002072        0x2 
 .text.DMA1_Stream3_IRQHandler
                0x08002074       0x10 CMakeFiles/C620_Test.elf.dir/Core/Src/stm32f7xx_it.c.obj
                0x08002074                DMA1_Stream3_IRQHandler
 .text.CAN1_TX_IRQHandler
                0x08002084       0x10 CMakeFiles/C620_Test.elf.dir/Core/Src/stm32f7xx_it.c.obj
                0x08002084                CAN1_TX_IRQHandler
 .text.CAN1_RX0_IRQHandler
                0x08002094       0x10 CMakeFiles/C620_Test.elf.dir/Core/Src/stm32f7xx_it.c.obj
                0x08002094                CAN1_RX0_IRQHandler
 .text.CAN1_RX1_IRQHandler
                0x080020a4       0x10 CMakeFiles/C620_Test.elf.dir/Core/Src/stm32f7xx_it.c.obj
                0x080020a4                CAN1_RX1_IRQHandler
 .text.USART3_IRQHandler
                0x080020b4       0x10 CMakeFiles/C620_Test.elf.dir/Core/Src/stm32f7xx_it.c.obj
                0x080020b4                USART3_IRQHandler
 .text._getpid  0x080020c4        0x4 CMakeFiles/C620_Test.elf.dir/Core/Src/syscalls.c.obj
                0x080020c4                _getpid
 .text._kill    0x080020c8       0x10 CMakeFiles/C620_Test.elf.dir/Core/Src/syscalls.c.obj
                0x080020c8                _kill
 .text._exit    0x080020d8        0xc CMakeFiles/C620_Test.elf.dir/Core/Src/syscalls.c.obj
                0x080020d8                _exit
 .text._read    0x080020e4       0x20 CMakeFiles/C620_Test.elf.dir/Core/Src/syscalls.c.obj
                0x080020e4                _read
 .text._write   0x08002104       0x1c CMakeFiles/C620_Test.elf.dir/Core/Src/syscalls.c.obj
                0x08002104                _write
 .text._close   0x08002120        0x6 CMakeFiles/C620_Test.elf.dir/Core/Src/syscalls.c.obj
                0x08002120                _close
 .text._fstat   0x08002126        0xa CMakeFiles/C620_Test.elf.dir/Core/Src/syscalls.c.obj
                0x08002126                _fstat
 .text._isatty  0x08002130        0x4 CMakeFiles/C620_Test.elf.dir/Core/Src/syscalls.c.obj
                0x08002130                _isatty
 .text._lseek   0x08002134        0x4 CMakeFiles/C620_Test.elf.dir/Core/Src/syscalls.c.obj
                0x08002134                _lseek
 .text._sbrk    0x08002138       0x48 CMakeFiles/C620_Test.elf.dir/Core/Src/sysmem.c.obj
                0x08002138                _sbrk
 .text.SystemInit
                0x08002180       0x14 CMakeFiles/C620_Test.elf.dir/Core/Src/system_stm32f7xx.c.obj
                0x08002180                SystemInit
 .text.Reset_Handler
                0x08002194       0x50 CMakeFiles/C620_Test.elf.dir/Core/Startup/startup_stm32f767zitx.s.obj
                0x08002194                Reset_Handler
 .text.Default_Handler
                0x080021e4        0x2 CMakeFiles/C620_Test.elf.dir/Core/Startup/startup_stm32f767zitx.s.obj
                0x080021e4                RTC_Alarm_IRQHandler
                0x080021e4                EXTI2_IRQHandler
                0x080021e4                TIM8_CC_IRQHandler
                0x080021e4                UART8_IRQHandler
                0x080021e4                SPI4_IRQHandler
                0x080021e4                TIM1_CC_IRQHandler
                0x080021e4                DMA2_Stream5_IRQHandler
                0x080021e4                JPEG_IRQHandler
                0x080021e4                DMA1_Stream5_IRQHandler
                0x080021e4                CAN3_RX1_IRQHandler
                0x080021e4                PVD_IRQHandler
                0x080021e4                TAMP_STAMP_IRQHandler
                0x080021e4                CAN2_RX1_IRQHandler
                0x080021e4                EXTI3_IRQHandler
                0x080021e4                TIM8_TRG_COM_TIM14_IRQHandler
                0x080021e4                DFSDM1_FLT1_IRQHandler
                0x080021e4                TIM1_UP_TIM10_IRQHandler
                0x080021e4                TIM8_UP_TIM13_IRQHandler
                0x080021e4                I2C3_ER_IRQHandler
                0x080021e4                DFSDM1_FLT2_IRQHandler
                0x080021e4                EXTI0_IRQHandler
                0x080021e4                I2C2_EV_IRQHandler
                0x080021e4                DMA1_Stream2_IRQHandler
                0x080021e4                FPU_IRQHandler
                0x080021e4                OTG_HS_WKUP_IRQHandler
                0x080021e4                CAN3_SCE_IRQHandler
                0x080021e4                LTDC_ER_IRQHandler
                0x080021e4                CAN2_SCE_IRQHandler
                0x080021e4                DMA2_Stream2_IRQHandler
                0x080021e4                SPI1_IRQHandler
                0x080021e4                TIM6_DAC_IRQHandler
                0x080021e4                TIM1_BRK_TIM9_IRQHandler
                0x080021e4                DCMI_IRQHandler
                0x080021e4                CAN2_RX0_IRQHandler
                0x080021e4                DMA2_Stream3_IRQHandler
                0x080021e4                SAI2_IRQHandler
                0x080021e4                DFSDM1_FLT3_IRQHandler
                0x080021e4                USART6_IRQHandler
                0x080021e4                CAN3_RX0_IRQHandler
                0x080021e4                UART5_IRQHandler
                0x080021e4                DMA2_Stream0_IRQHandler
                0x080021e4                TIM4_IRQHandler
                0x080021e4                QUADSPI_IRQHandler
                0x080021e4                I2C1_EV_IRQHandler
                0x080021e4                DMA1_Stream6_IRQHandler
                0x080021e4                DMA1_Stream1_IRQHandler
                0x080021e4                UART4_IRQHandler
                0x080021e4                TIM3_IRQHandler
                0x080021e4                RCC_IRQHandler
                0x080021e4                TIM8_BRK_TIM12_IRQHandler
                0x080021e4                Default_Handler
                0x080021e4                CEC_IRQHandler
                0x080021e4                EXTI15_10_IRQHandler
                0x080021e4                ADC_IRQHandler
                0x080021e4                DMA1_Stream7_IRQHandler
                0x080021e4                SPI5_IRQHandler
                0x080021e4                TIM7_IRQHandler
                0x080021e4                SDMMC1_IRQHandler
                0x080021e4                CAN2_TX_IRQHandler
                0x080021e4                TIM5_IRQHandler
                0x080021e4                DMA2_Stream7_IRQHandler
                0x080021e4                I2C3_EV_IRQHandler
                0x080021e4                EXTI9_5_IRQHandler
                0x080021e4                RTC_WKUP_IRQHandler
                0x080021e4                LTDC_IRQHandler
                0x080021e4                ETH_WKUP_IRQHandler
                0x080021e4                SPDIF_RX_IRQHandler
                0x080021e4                SPI2_IRQHandler
                0x080021e4                OTG_HS_EP1_IN_IRQHandler
                0x080021e4                DMA1_Stream0_IRQHandler
                0x080021e4                EXTI4_IRQHandler
                0x080021e4                RNG_IRQHandler
                0x080021e4                ETH_IRQHandler
                0x080021e4                OTG_HS_EP1_OUT_IRQHandler
                0x080021e4                WWDG_IRQHandler
                0x080021e4                SPI6_IRQHandler
                0x080021e4                MDIOS_IRQHandler
                0x080021e4                I2C4_EV_IRQHandler
                0x080021e4                CAN3_TX_IRQHandler
                0x080021e4                TIM2_IRQHandler
                0x080021e4                OTG_FS_WKUP_IRQHandler
                0x080021e4                TIM1_TRG_COM_TIM11_IRQHandler
                0x080021e4                OTG_HS_IRQHandler
                0x080021e4                DMA2D_IRQHandler
                0x080021e4                EXTI1_IRQHandler
                0x080021e4                SDMMC2_IRQHandler
                0x080021e4                UART7_IRQHandler
                0x080021e4                USART2_IRQHandler
                0x080021e4                DFSDM1_FLT0_IRQHandler
                0x080021e4                I2C2_ER_IRQHandler
                0x080021e4                DMA2_Stream1_IRQHandler
                0x080021e4                CAN1_SCE_IRQHandler
                0x080021e4                FLASH_IRQHandler
                0x080021e4                DMA2_Stream4_IRQHandler
                0x080021e4                USART1_IRQHandler
                0x080021e4                OTG_FS_IRQHandler
                0x080021e4                SPI3_IRQHandler
                0x080021e4                DMA1_Stream4_IRQHandler
                0x080021e4                I2C1_ER_IRQHandler
                0x080021e4                FMC_IRQHandler
                0x080021e4                LPTIM1_IRQHandler
                0x080021e4                I2C4_ER_IRQHandler
                0x080021e4                DMA2_Stream6_IRQHandler
                0x080021e4                SAI1_IRQHandler
 *fill*         0x080021e6        0x2 
 .text.HAL_InitTick
                0x080021e8       0x4c CMakeFiles/C620_Test.elf.dir/Drivers/STM32F7xx_HAL_Driver/Src/stm32f7xx_hal.c.obj
                0x080021e8                HAL_InitTick
 .text.HAL_Init
                0x08002234       0x16 CMakeFiles/C620_Test.elf.dir/Drivers/STM32F7xx_HAL_Driver/Src/stm32f7xx_hal.c.obj
                0x08002234                HAL_Init
 *fill*         0x0800224a        0x2 
 .text.HAL_IncTick
                0x0800224c       0x18 CMakeFiles/C620_Test.elf.dir/Drivers/STM32F7xx_HAL_Driver/Src/stm32f7xx_hal.c.obj
                0x0800224c                HAL_IncTick
 .text.HAL_GetTick
                0x08002264        0xc CMakeFiles/C620_Test.elf.dir/Drivers/STM32F7xx_HAL_Driver/Src/stm32f7xx_hal.c.obj
                0x08002264                HAL_GetTick
 .text.HAL_Delay
                0x08002270       0x28 CMakeFiles/C620_Test.elf.dir/Drivers/STM32F7xx_HAL_Driver/Src/stm32f7xx_hal.c.obj
                0x08002270                HAL_Delay
 .text.HAL_CAN_Init
                0x08002298      0x14c CMakeFiles/C620_Test.elf.dir/Drivers/STM32F7xx_HAL_Driver/Src/stm32f7xx_hal_can.c.obj
                0x08002298                HAL_CAN_Init
 .text.HAL_CAN_ConfigFilter
                0x080023e4      0x13c CMakeFiles/C620_Test.elf.dir/Drivers/STM32F7xx_HAL_Driver/Src/stm32f7xx_hal_can.c.obj
                0x080023e4                HAL_CAN_ConfigFilter
 .text.HAL_CAN_Start
                0x08002520       0x5c CMakeFiles/C620_Test.elf.dir/Drivers/STM32F7xx_HAL_Driver/Src/stm32f7xx_hal_can.c.obj
                0x08002520                HAL_CAN_Start
 .text.HAL_CAN_AddTxMessage
                0x0800257c       0xea CMakeFiles/C620_Test.elf.dir/Drivers/STM32F7xx_HAL_Driver/Src/stm32f7xx_hal_can.c.obj
                0x0800257c                HAL_CAN_AddTxMessage
 .text.HAL_CAN_GetTxMailboxesFreeLevel
                0x08002666       0x32 CMakeFiles/C620_Test.elf.dir/Drivers/STM32F7xx_HAL_Driver/Src/stm32f7xx_hal_can.c.obj
                0x08002666                HAL_CAN_GetTxMailboxesFreeLevel
 .text.HAL_CAN_GetRxMessage
                0x08002698      0x14a CMakeFiles/C620_Test.elf.dir/Drivers/STM32F7xx_HAL_Driver/Src/stm32f7xx_hal_can.c.obj
                0x08002698                HAL_CAN_GetRxMessage
 .text.HAL_CAN_ActivateNotification
                0x080027e2       0x24 CMakeFiles/C620_Test.elf.dir/Drivers/STM32F7xx_HAL_Driver/Src/stm32f7xx_hal_can.c.obj
                0x080027e2                HAL_CAN_ActivateNotification
 .text.HAL_CAN_RxFifo0MsgPendingCallback
                0x08002806        0x2 CMakeFiles/C620_Test.elf.dir/Drivers/STM32F7xx_HAL_Driver/Src/stm32f7xx_hal_can.c.obj
                0x08002806                HAL_CAN_RxFifo0MsgPendingCallback
 .text.HAL_CAN_RxFifo0FullCallback
                0x08002808        0x2 CMakeFiles/C620_Test.elf.dir/Drivers/STM32F7xx_HAL_Driver/Src/stm32f7xx_hal_can.c.obj
                0x08002808                HAL_CAN_RxFifo0FullCallback
 .text.HAL_CAN_RxFifo1FullCallback
                0x0800280a        0x2 CMakeFiles/C620_Test.elf.dir/Drivers/STM32F7xx_HAL_Driver/Src/stm32f7xx_hal_can.c.obj
                0x0800280a                HAL_CAN_RxFifo1FullCallback
 .text.HAL_CAN_SleepCallback
                0x0800280c        0x2 CMakeFiles/C620_Test.elf.dir/Drivers/STM32F7xx_HAL_Driver/Src/stm32f7xx_hal_can.c.obj
                0x0800280c                HAL_CAN_SleepCallback
 .text.HAL_CAN_WakeUpFromRxMsgCallback
                0x0800280e        0x2 CMakeFiles/C620_Test.elf.dir/Drivers/STM32F7xx_HAL_Driver/Src/stm32f7xx_hal_can.c.obj
                0x0800280e                HAL_CAN_WakeUpFromRxMsgCallback
 .text.HAL_CAN_ErrorCallback
                0x08002810        0x2 CMakeFiles/C620_Test.elf.dir/Drivers/STM32F7xx_HAL_Driver/Src/stm32f7xx_hal_can.c.obj
                0x08002810                HAL_CAN_ErrorCallback
 .text.HAL_CAN_IRQHandler
                0x08002812      0x250 CMakeFiles/C620_Test.elf.dir/Drivers/STM32F7xx_HAL_Driver/Src/stm32f7xx_hal_can.c.obj
                0x08002812                HAL_CAN_IRQHandler
 *fill*         0x08002a62        0x2 
 .text.__NVIC_SetPriority
                0x08002a64       0x24 CMakeFiles/C620_Test.elf.dir/Drivers/STM32F7xx_HAL_Driver/Src/stm32f7xx_hal_cortex.c.obj
 .text.NVIC_EncodePriority
                0x08002a88       0x3e CMakeFiles/C620_Test.elf.dir/Drivers/STM32F7xx_HAL_Driver/Src/stm32f7xx_hal_cortex.c.obj
 *fill*         0x08002ac6        0x2 
 .text.HAL_NVIC_SetPriorityGrouping
                0x08002ac8       0x24 CMakeFiles/C620_Test.elf.dir/Drivers/STM32F7xx_HAL_Driver/Src/stm32f7xx_hal_cortex.c.obj
                0x08002ac8                HAL_NVIC_SetPriorityGrouping
 .text.HAL_NVIC_SetPriority
                0x08002aec       0x20 CMakeFiles/C620_Test.elf.dir/Drivers/STM32F7xx_HAL_Driver/Src/stm32f7xx_hal_cortex.c.obj
                0x08002aec                HAL_NVIC_SetPriority
 .text.HAL_NVIC_EnableIRQ
                0x08002b0c       0x1c CMakeFiles/C620_Test.elf.dir/Drivers/STM32F7xx_HAL_Driver/Src/stm32f7xx_hal_cortex.c.obj
                0x08002b0c                HAL_NVIC_EnableIRQ
 .text.HAL_SYSTICK_Config
                0x08002b28       0x28 CMakeFiles/C620_Test.elf.dir/Drivers/STM32F7xx_HAL_Driver/Src/stm32f7xx_hal_cortex.c.obj
                0x08002b28                HAL_SYSTICK_Config
 .text.DMA_CalcBaseAndBitshift
                0x08002b50       0x3c CMakeFiles/C620_Test.elf.dir/Drivers/STM32F7xx_HAL_Driver/Src/stm32f7xx_hal_dma.c.obj
 .text.DMA_CheckFifoParam
                0x08002b8c       0x8e CMakeFiles/C620_Test.elf.dir/Drivers/STM32F7xx_HAL_Driver/Src/stm32f7xx_hal_dma.c.obj
 *fill*         0x08002c1a        0x2 
 .text.HAL_DMA_Init
                0x08002c1c       0xcc CMakeFiles/C620_Test.elf.dir/Drivers/STM32F7xx_HAL_Driver/Src/stm32f7xx_hal_dma.c.obj
                0x08002c1c                HAL_DMA_Init
 .text.HAL_DMA_Abort
                0x08002ce8       0x94 CMakeFiles/C620_Test.elf.dir/Drivers/STM32F7xx_HAL_Driver/Src/stm32f7xx_hal_dma.c.obj
                0x08002ce8                HAL_DMA_Abort
 .text.HAL_DMA_Abort_IT
                0x08002d7c       0x26 CMakeFiles/C620_Test.elf.dir/Drivers/STM32F7xx_HAL_Driver/Src/stm32f7xx_hal_dma.c.obj
                0x08002d7c                HAL_DMA_Abort_IT
 *fill*         0x08002da2        0x2 
 .text.HAL_DMA_IRQHandler
                0x08002da4      0x1dc CMakeFiles/C620_Test.elf.dir/Drivers/STM32F7xx_HAL_Driver/Src/stm32f7xx_hal_dma.c.obj
                0x08002da4                HAL_DMA_IRQHandler
 .text.ETH_MACAddressConfig
                0x08002f80       0x30 CMakeFiles/C620_Test.elf.dir/Drivers/STM32F7xx_HAL_Driver/Src/stm32f7xx_hal_eth.c.obj
 .text.ETH_DMATxDescListInit
                0x08002fb0       0x6e CMakeFiles/C620_Test.elf.dir/Drivers/STM32F7xx_HAL_Driver/Src/stm32f7xx_hal_eth.c.obj
 .text.ETH_DMARxDescListInit
                0x0800301e       0x84 CMakeFiles/C620_Test.elf.dir/Drivers/STM32F7xx_HAL_Driver/Src/stm32f7xx_hal_eth.c.obj
 *fill*         0x080030a2        0x2 
 .text.ETH_SetMACConfig
                0x080030a4       0xfc CMakeFiles/C620_Test.elf.dir/Drivers/STM32F7xx_HAL_Driver/Src/stm32f7xx_hal_eth.c.obj
 .text.ETH_SetDMAConfig
                0x080031a0       0xc0 CMakeFiles/C620_Test.elf.dir/Drivers/STM32F7xx_HAL_Driver/Src/stm32f7xx_hal_eth.c.obj
 .text.ETH_MACDMAConfig
                0x08003260       0xa2 CMakeFiles/C620_Test.elf.dir/Drivers/STM32F7xx_HAL_Driver/Src/stm32f7xx_hal_eth.c.obj
 *fill*         0x08003302        0x2 
 .text.HAL_ETH_Init
                0x08003304       0xbc CMakeFiles/C620_Test.elf.dir/Drivers/STM32F7xx_HAL_Driver/Src/stm32f7xx_hal_eth.c.obj
                0x08003304                HAL_ETH_Init
 .text.HAL_GPIO_Init
                0x080033c0      0x204 CMakeFiles/C620_Test.elf.dir/Drivers/STM32F7xx_HAL_Driver/Src/stm32f7xx_hal_gpio.c.obj
                0x080033c0                HAL_GPIO_Init
 .text.HAL_GPIO_WritePin
                0x080035c4        0xc CMakeFiles/C620_Test.elf.dir/Drivers/STM32F7xx_HAL_Driver/Src/stm32f7xx_hal_gpio.c.obj
                0x080035c4                HAL_GPIO_WritePin
 .text.HAL_PCD_Init
                0x080035d0      0x13c CMakeFiles/C620_Test.elf.dir/Drivers/STM32F7xx_HAL_Driver/Src/stm32f7xx_hal_pcd.c.obj
                0x080035d0                HAL_PCD_Init
 .text.HAL_PCDEx_ActivateLPM
                0x0800370c       0x28 CMakeFiles/C620_Test.elf.dir/Drivers/STM32F7xx_HAL_Driver/Src/stm32f7xx_hal_pcd_ex.c.obj
                0x0800370c                HAL_PCDEx_ActivateLPM
 .text.HAL_PWR_EnableBkUpAccess
                0x08003734       0x10 CMakeFiles/C620_Test.elf.dir/Drivers/STM32F7xx_HAL_Driver/Src/stm32f7xx_hal_pwr.c.obj
                0x08003734                HAL_PWR_EnableBkUpAccess
 .text.HAL_PWREx_EnableOverDrive
                0x08003744       0x7c CMakeFiles/C620_Test.elf.dir/Drivers/STM32F7xx_HAL_Driver/Src/stm32f7xx_hal_pwr_ex.c.obj
                0x08003744                HAL_PWREx_EnableOverDrive
 .text.HAL_RCC_OscConfig
                0x080037c0      0x444 CMakeFiles/C620_Test.elf.dir/Drivers/STM32F7xx_HAL_Driver/Src/stm32f7xx_hal_rcc.c.obj
                0x080037c0                HAL_RCC_OscConfig
 .text.HAL_RCC_GetSysClockFreq
                0x08003c04       0xdc CMakeFiles/C620_Test.elf.dir/Drivers/STM32F7xx_HAL_Driver/Src/stm32f7xx_hal_rcc.c.obj
                0x08003c04                HAL_RCC_GetSysClockFreq
 .text.HAL_RCC_ClockConfig
                0x08003ce0      0x16c CMakeFiles/C620_Test.elf.dir/Drivers/STM32F7xx_HAL_Driver/Src/stm32f7xx_hal_rcc.c.obj
                0x08003ce0                HAL_RCC_ClockConfig
 .text.HAL_RCC_GetHCLKFreq
                0x08003e4c        0xc CMakeFiles/C620_Test.elf.dir/Drivers/STM32F7xx_HAL_Driver/Src/stm32f7xx_hal_rcc.c.obj
                0x08003e4c                HAL_RCC_GetHCLKFreq
 .text.HAL_RCC_GetPCLK1Freq
                0x08003e58       0x20 CMakeFiles/C620_Test.elf.dir/Drivers/STM32F7xx_HAL_Driver/Src/stm32f7xx_hal_rcc.c.obj
                0x08003e58                HAL_RCC_GetPCLK1Freq
 .text.HAL_RCC_GetPCLK2Freq
                0x08003e78       0x20 CMakeFiles/C620_Test.elf.dir/Drivers/STM32F7xx_HAL_Driver/Src/stm32f7xx_hal_rcc.c.obj
                0x08003e78                HAL_RCC_GetPCLK2Freq
 .text.HAL_RCCEx_PeriphCLKConfig
                0x08003e98      0x600 CMakeFiles/C620_Test.elf.dir/Drivers/STM32F7xx_HAL_Driver/Src/stm32f7xx_hal_rcc_ex.c.obj
                0x08003e98                HAL_RCCEx_PeriphCLKConfig
 .text.UART_EndRxTransfer
                0x08004498       0x52 CMakeFiles/C620_Test.elf.dir/Drivers/STM32F7xx_HAL_Driver/Src/stm32f7xx_hal_uart.c.obj
 .text.HAL_UART_TxCpltCallback
                0x080044ea        0x2 CMakeFiles/C620_Test.elf.dir/Drivers/STM32F7xx_HAL_Driver/Src/stm32f7xx_hal_uart.c.obj
                0x080044ea                HAL_UART_TxCpltCallback
 .text.UART_EndTransmit_IT
                0x080044ec       0x22 CMakeFiles/C620_Test.elf.dir/Drivers/STM32F7xx_HAL_Driver/Src/stm32f7xx_hal_uart.c.obj
 .text.HAL_UART_ErrorCallback
                0x0800450e        0x2 CMakeFiles/C620_Test.elf.dir/Drivers/STM32F7xx_HAL_Driver/Src/stm32f7xx_hal_uart.c.obj
                0x0800450e                HAL_UART_ErrorCallback
 .text.UART_DMAAbortOnError
                0x08004510       0x14 CMakeFiles/C620_Test.elf.dir/Drivers/STM32F7xx_HAL_Driver/Src/stm32f7xx_hal_uart.c.obj
 .text.HAL_UARTEx_RxEventCallback
                0x08004524        0x2 CMakeFiles/C620_Test.elf.dir/Drivers/STM32F7xx_HAL_Driver/Src/stm32f7xx_hal_uart.c.obj
                0x08004524                HAL_UARTEx_RxEventCallback
 .text.HAL_UARTEx_WakeupCallback
                0x08004526        0x2 CMakeFiles/C620_Test.elf.dir/Drivers/STM32F7xx_HAL_Driver/Src/stm32f7xx_hal_uart.c.obj
                0x08004526                HAL_UARTEx_WakeupCallback
 .text.HAL_UART_IRQHandler
                0x08004528      0x2e8 CMakeFiles/C620_Test.elf.dir/Drivers/STM32F7xx_HAL_Driver/Src/stm32f7xx_hal_uart.c.obj
                0x08004528                HAL_UART_IRQHandler
 .text.UART_SetConfig
                0x08004810      0x328 CMakeFiles/C620_Test.elf.dir/Drivers/STM32F7xx_HAL_Driver/Src/stm32f7xx_hal_uart.c.obj
                0x08004810                UART_SetConfig
 .text.UART_AdvFeatureConfig
                0x08004b38       0xca CMakeFiles/C620_Test.elf.dir/Drivers/STM32F7xx_HAL_Driver/Src/stm32f7xx_hal_uart.c.obj
                0x08004b38                UART_AdvFeatureConfig
 .text.UART_WaitOnFlagUntilTimeout
                0x08004c02       0xd4 CMakeFiles/C620_Test.elf.dir/Drivers/STM32F7xx_HAL_Driver/Src/stm32f7xx_hal_uart.c.obj
                0x08004c02                UART_WaitOnFlagUntilTimeout
 .text.HAL_UART_Transmit
                0x08004cd6       0xbc CMakeFiles/C620_Test.elf.dir/Drivers/STM32F7xx_HAL_Driver/Src/stm32f7xx_hal_uart.c.obj
                0x08004cd6                HAL_UART_Transmit
 .text.UART_CheckIdleState
                0x08004d92       0x74 CMakeFiles/C620_Test.elf.dir/Drivers/STM32F7xx_HAL_Driver/Src/stm32f7xx_hal_uart.c.obj
                0x08004d92                UART_CheckIdleState
 .text.HAL_UART_Init
                0x08004e06       0x62 CMakeFiles/C620_Test.elf.dir/Drivers/STM32F7xx_HAL_Driver/Src/stm32f7xx_hal_uart.c.obj
                0x08004e06                HAL_UART_Init
 .text.USB_CoreReset
                0x08004e68       0x50 CMakeFiles/C620_Test.elf.dir/Drivers/STM32F7xx_HAL_Driver/Src/stm32f7xx_ll_usb.c.obj
 .text.USB_CoreInit
                0x08004eb8       0x7c CMakeFiles/C620_Test.elf.dir/Drivers/STM32F7xx_HAL_Driver/Src/stm32f7xx_ll_usb.c.obj
                0x08004eb8                USB_CoreInit
 .text.USB_DisableGlobalInt
                0x08004f34        0xc CMakeFiles/C620_Test.elf.dir/Drivers/STM32F7xx_HAL_Driver/Src/stm32f7xx_ll_usb.c.obj
                0x08004f34                USB_DisableGlobalInt
 .text.USB_FlushTxFifo
                0x08004f40       0x50 CMakeFiles/C620_Test.elf.dir/Drivers/STM32F7xx_HAL_Driver/Src/stm32f7xx_ll_usb.c.obj
                0x08004f40                USB_FlushTxFifo
 .text.USB_FlushRxFifo
                0x08004f90       0x4c CMakeFiles/C620_Test.elf.dir/Drivers/STM32F7xx_HAL_Driver/Src/stm32f7xx_ll_usb.c.obj
                0x08004f90                USB_FlushRxFifo
 .text.USB_SetDevSpeed
                0x08004fdc        0xe CMakeFiles/C620_Test.elf.dir/Drivers/STM32F7xx_HAL_Driver/Src/stm32f7xx_ll_usb.c.obj
                0x08004fdc                USB_SetDevSpeed
 *fill*         0x08004fea        0x2 
 .text.USB_DevInit
                0x08004fec      0x188 CMakeFiles/C620_Test.elf.dir/Drivers/STM32F7xx_HAL_Driver/Src/stm32f7xx_ll_usb.c.obj
                0x08004fec                USB_DevInit
 .text.USB_DevDisconnect
                0x08005174       0x1c CMakeFiles/C620_Test.elf.dir/Drivers/STM32F7xx_HAL_Driver/Src/stm32f7xx_ll_usb.c.obj
                0x08005174                USB_DevDisconnect
 .text.USB_GetMode
                0x08005190        0x8 CMakeFiles/C620_Test.elf.dir/Drivers/STM32F7xx_HAL_Driver/Src/stm32f7xx_ll_usb.c.obj
                0x08005190                USB_GetMode
 .text.USB_SetCurrentMode
                0x08005198       0x62 CMakeFiles/C620_Test.elf.dir/Drivers/STM32F7xx_HAL_Driver/Src/stm32f7xx_ll_usb.c.obj
                0x08005198                USB_SetCurrentMode
 .text.TimerCallback
                0x080051fa       0x10 CMakeFiles/C620_Test.elf.dir/Middlewares/Third_Party/FreeRTOS/Source/CMSIS_RTOS_V2/cmsis_os2.c.obj
 *fill*         0x0800520a        0x2 
 .text.osKernelInitialize
                0x0800520c       0x3c CMakeFiles/C620_Test.elf.dir/Middlewares/Third_Party/FreeRTOS/Source/CMSIS_RTOS_V2/cmsis_os2.c.obj
                0x0800520c                osKernelInitialize
 .text.osKernelStart
                0x08005248       0x48 CMakeFiles/C620_Test.elf.dir/Middlewares/Third_Party/FreeRTOS/Source/CMSIS_RTOS_V2/cmsis_os2.c.obj
                0x08005248                osKernelStart
 .text.osThreadNew
                0x08005290       0xd8 CMakeFiles/C620_Test.elf.dir/Middlewares/Third_Party/FreeRTOS/Source/CMSIS_RTOS_V2/cmsis_os2.c.obj
                0x08005290                osThreadNew
 .text.osDelay  0x08005368       0x3c CMakeFiles/C620_Test.elf.dir/Middlewares/Third_Party/FreeRTOS/Source/CMSIS_RTOS_V2/cmsis_os2.c.obj
                0x08005368                osDelay
 .text.osTimerNew
                0x080053a4       0xb0 CMakeFiles/C620_Test.elf.dir/Middlewares/Third_Party/FreeRTOS/Source/CMSIS_RTOS_V2/cmsis_os2.c.obj
                0x080053a4                osTimerNew
 .text.osTimerStart
                0x08005454       0x54 CMakeFiles/C620_Test.elf.dir/Middlewares/Third_Party/FreeRTOS/Source/CMSIS_RTOS_V2/cmsis_os2.c.obj
                0x08005454                osTimerStart
 .text.vApplicationGetIdleTaskMemory
                0x080054a8       0x18 CMakeFiles/C620_Test.elf.dir/Middlewares/Third_Party/FreeRTOS/Source/CMSIS_RTOS_V2/cmsis_os2.c.obj
                0x080054a8                vApplicationGetIdleTaskMemory
 .text.vApplicationGetTimerTaskMemory
                0x080054c0       0x18 CMakeFiles/C620_Test.elf.dir/Middlewares/Third_Party/FreeRTOS/Source/CMSIS_RTOS_V2/cmsis_os2.c.obj
                0x080054c0                vApplicationGetTimerTaskMemory
 .text.vListInitialise
                0x080054d8       0x16 CMakeFiles/C620_Test.elf.dir/Middlewares/Third_Party/FreeRTOS/Source/list.c.obj
                0x080054d8                vListInitialise
 .text.vListInitialiseItem
                0x080054ee        0x6 CMakeFiles/C620_Test.elf.dir/Middlewares/Third_Party/FreeRTOS/Source/list.c.obj
                0x080054ee                vListInitialiseItem
 .text.vListInsertEnd
                0x080054f4       0x16 CMakeFiles/C620_Test.elf.dir/Middlewares/Third_Party/FreeRTOS/Source/list.c.obj
                0x080054f4                vListInsertEnd
 .text.vListInsert
                0x0800550a       0x32 CMakeFiles/C620_Test.elf.dir/Middlewares/Third_Party/FreeRTOS/Source/list.c.obj
                0x0800550a                vListInsert
 .text.uxListRemove
                0x0800553c       0x26 CMakeFiles/C620_Test.elf.dir/Middlewares/Third_Party/FreeRTOS/Source/list.c.obj
                0x0800553c                uxListRemove
 *fill*         0x08005562        0x2 
 .text.prvTaskExitError
                0x08005564       0x48 CMakeFiles/C620_Test.elf.dir/Middlewares/Third_Party/FreeRTOS/Source/portable/GCC/ARM_CM7/r0p1/port.c.obj
 .text.prvPortStartFirstTask
                0x080055ac       0x28 CMakeFiles/C620_Test.elf.dir/Middlewares/Third_Party/FreeRTOS/Source/portable/GCC/ARM_CM7/r0p1/port.c.obj
 .text.vPortEnableVFP
                0x080055d4       0x14 CMakeFiles/C620_Test.elf.dir/Middlewares/Third_Party/FreeRTOS/Source/portable/GCC/ARM_CM7/r0p1/port.c.obj
 .text.pxPortInitialiseStack
                0x080055e8       0x2c CMakeFiles/C620_Test.elf.dir/Middlewares/Third_Party/FreeRTOS/Source/portable/GCC/ARM_CM7/r0p1/port.c.obj
                0x080055e8                pxPortInitialiseStack
 *fill*         0x08005614        0xc 
 .text.SVC_Handler
                0x08005620       0x24 CMakeFiles/C620_Test.elf.dir/Middlewares/Third_Party/FreeRTOS/Source/portable/GCC/ARM_CM7/r0p1/port.c.obj
                0x08005620                SVC_Handler
 .text.vPortEnterCritical
                0x08005644       0x4c CMakeFiles/C620_Test.elf.dir/Middlewares/Third_Party/FreeRTOS/Source/portable/GCC/ARM_CM7/r0p1/port.c.obj
                0x08005644                vPortEnterCritical
 .text.vPortExitCritical
                0x08005690       0x30 CMakeFiles/C620_Test.elf.dir/Middlewares/Third_Party/FreeRTOS/Source/portable/GCC/ARM_CM7/r0p1/port.c.obj
                0x08005690                vPortExitCritical
 .text.PendSV_Handler
                0x080056c0       0x64 CMakeFiles/C620_Test.elf.dir/Middlewares/Third_Party/FreeRTOS/Source/portable/GCC/ARM_CM7/r0p1/port.c.obj
                0x080056c0                PendSV_Handler
 .text.xPortSysTickHandler
                0x08005724       0x30 CMakeFiles/C620_Test.elf.dir/Middlewares/Third_Party/FreeRTOS/Source/portable/GCC/ARM_CM7/r0p1/port.c.obj
                0x08005724                xPortSysTickHandler
 .text.vPortSetupTimerInterrupt
                0x08005754       0x28 CMakeFiles/C620_Test.elf.dir/Middlewares/Third_Party/FreeRTOS/Source/portable/GCC/ARM_CM7/r0p1/port.c.obj
                0x08005754                vPortSetupTimerInterrupt
 .text.xPortStartScheduler
                0x0800577c       0xd4 CMakeFiles/C620_Test.elf.dir/Middlewares/Third_Party/FreeRTOS/Source/portable/GCC/ARM_CM7/r0p1/port.c.obj
                0x0800577c                xPortStartScheduler
 .text.vPortValidateInterruptPriority
                0x08005850       0x64 CMakeFiles/C620_Test.elf.dir/Middlewares/Third_Party/FreeRTOS/Source/portable/GCC/ARM_CM7/r0p1/port.c.obj
                0x08005850                vPortValidateInterruptPriority
 .text.prvHeapInit
                0x080058b4       0x64 CMakeFiles/C620_Test.elf.dir/Middlewares/Third_Party/FreeRTOS/Source/portable/MemMang/heap_4.c.obj
 .text.prvInsertBlockIntoFreeList
                0x08005918       0x64 CMakeFiles/C620_Test.elf.dir/Middlewares/Third_Party/FreeRTOS/Source/portable/MemMang/heap_4.c.obj
 .text.pvPortMalloc
                0x0800597c      0x100 CMakeFiles/C620_Test.elf.dir/Middlewares/Third_Party/FreeRTOS/Source/portable/MemMang/heap_4.c.obj
                0x0800597c                pvPortMalloc
 .text.vPortFree
                0x08005a7c       0x78 CMakeFiles/C620_Test.elf.dir/Middlewares/Third_Party/FreeRTOS/Source/portable/MemMang/heap_4.c.obj
                0x08005a7c                vPortFree
 .text.prvIsQueueFull
                0x08005af4       0x1e CMakeFiles/C620_Test.elf.dir/Middlewares/Third_Party/FreeRTOS/Source/queue.c.obj
 .text.prvIsQueueEmpty
                0x08005b12       0x1a CMakeFiles/C620_Test.elf.dir/Middlewares/Third_Party/FreeRTOS/Source/queue.c.obj
 .text.prvCopyDataToQueue
                0x08005b2c       0x76 CMakeFiles/C620_Test.elf.dir/Middlewares/Third_Party/FreeRTOS/Source/queue.c.obj
 .text.prvCopyDataFromQueue
                0x08005ba2       0x24 CMakeFiles/C620_Test.elf.dir/Middlewares/Third_Party/FreeRTOS/Source/queue.c.obj
 .text.prvUnlockQueue
                0x08005bc6       0x6e CMakeFiles/C620_Test.elf.dir/Middlewares/Third_Party/FreeRTOS/Source/queue.c.obj
 .text.xQueueGenericReset
                0x08005c34       0x88 CMakeFiles/C620_Test.elf.dir/Middlewares/Third_Party/FreeRTOS/Source/queue.c.obj
                0x08005c34                xQueueGenericReset
 .text.prvInitialiseNewQueue
                0x08005cbc       0x22 CMakeFiles/C620_Test.elf.dir/Middlewares/Third_Party/FreeRTOS/Source/queue.c.obj
 .text.xQueueGenericCreateStatic
                0x08005cde       0xba CMakeFiles/C620_Test.elf.dir/Middlewares/Third_Party/FreeRTOS/Source/queue.c.obj
                0x08005cde                xQueueGenericCreateStatic
 .text.xQueueGenericSend
                0x08005d98      0x198 CMakeFiles/C620_Test.elf.dir/Middlewares/Third_Party/FreeRTOS/Source/queue.c.obj
                0x08005d98                xQueueGenericSend
 .text.xQueueGenericSendFromISR
                0x08005f30       0xdc CMakeFiles/C620_Test.elf.dir/Middlewares/Third_Party/FreeRTOS/Source/queue.c.obj
                0x08005f30                xQueueGenericSendFromISR
 .text.xQueueReceive
                0x0800600c      0x16a CMakeFiles/C620_Test.elf.dir/Middlewares/Third_Party/FreeRTOS/Source/queue.c.obj
                0x0800600c                xQueueReceive
 *fill*         0x08006176        0x2 
 .text.vQueueAddToRegistry
                0x08006178       0x28 CMakeFiles/C620_Test.elf.dir/Middlewares/Third_Party/FreeRTOS/Source/queue.c.obj
                0x08006178                vQueueAddToRegistry
 .text.vQueueWaitForMessageRestricted
                0x080061a0       0x52 CMakeFiles/C620_Test.elf.dir/Middlewares/Third_Party/FreeRTOS/Source/queue.c.obj
                0x080061a0                vQueueWaitForMessageRestricted
 *fill*         0x080061f2        0x2 
 .text.prvResetNextTaskUnblockTime
                0x080061f4       0x2c CMakeFiles/C620_Test.elf.dir/Middlewares/Third_Party/FreeRTOS/Source/tasks.c.obj
 .text.prvInitialiseNewTask
                0x08006220       0xa2 CMakeFiles/C620_Test.elf.dir/Middlewares/Third_Party/FreeRTOS/Source/tasks.c.obj
 *fill*         0x080062c2        0x2 
 .text.prvInitialiseTaskLists
                0x080062c4       0x68 CMakeFiles/C620_Test.elf.dir/Middlewares/Third_Party/FreeRTOS/Source/tasks.c.obj
 .text.prvAddNewTaskToReadyList
                0x0800632c       0xac CMakeFiles/C620_Test.elf.dir/Middlewares/Third_Party/FreeRTOS/Source/tasks.c.obj
 .text.prvDeleteTCB
                0x080063d8       0x3c CMakeFiles/C620_Test.elf.dir/Middlewares/Third_Party/FreeRTOS/Source/tasks.c.obj
 .text.prvCheckTasksWaitingTermination
                0x08006414       0x4c CMakeFiles/C620_Test.elf.dir/Middlewares/Third_Party/FreeRTOS/Source/tasks.c.obj
 .text.prvIdleTask
                0x08006460       0x28 CMakeFiles/C620_Test.elf.dir/Middlewares/Third_Party/FreeRTOS/Source/tasks.c.obj
 .text.prvAddCurrentTaskToDelayedList
                0x08006488       0x84 CMakeFiles/C620_Test.elf.dir/Middlewares/Third_Party/FreeRTOS/Source/tasks.c.obj
 .text.xTaskCreateStatic
                0x0800650c       0x82 CMakeFiles/C620_Test.elf.dir/Middlewares/Third_Party/FreeRTOS/Source/tasks.c.obj
                0x0800650c                xTaskCreateStatic
 .text.xTaskCreate
                0x0800658e       0x64 CMakeFiles/C620_Test.elf.dir/Middlewares/Third_Party/FreeRTOS/Source/tasks.c.obj
                0x0800658e                xTaskCreate
 *fill*         0x080065f2        0x2 
 .text.vTaskStartScheduler
                0x080065f4       0xa0 CMakeFiles/C620_Test.elf.dir/Middlewares/Third_Party/FreeRTOS/Source/tasks.c.obj
                0x080065f4                vTaskStartScheduler
 .text.vTaskSuspendAll
                0x08006694       0x10 CMakeFiles/C620_Test.elf.dir/Middlewares/Third_Party/FreeRTOS/Source/tasks.c.obj
                0x08006694                vTaskSuspendAll
 .text.xTaskGetTickCount
                0x080066a4        0xc CMakeFiles/C620_Test.elf.dir/Middlewares/Third_Party/FreeRTOS/Source/tasks.c.obj
                0x080066a4                xTaskGetTickCount
 .text.xTaskIncrementTick
                0x080066b0      0x11c CMakeFiles/C620_Test.elf.dir/Middlewares/Third_Party/FreeRTOS/Source/tasks.c.obj
                0x080066b0                xTaskIncrementTick
 .text.xTaskResumeAll
                0x080067cc       0xfc CMakeFiles/C620_Test.elf.dir/Middlewares/Third_Party/FreeRTOS/Source/tasks.c.obj
                0x080067cc                xTaskResumeAll
 .text.vTaskDelay
                0x080068c8       0x50 CMakeFiles/C620_Test.elf.dir/Middlewares/Third_Party/FreeRTOS/Source/tasks.c.obj
                0x080068c8                vTaskDelay
 .text.vTaskSwitchContext
                0x08006918       0x9c CMakeFiles/C620_Test.elf.dir/Middlewares/Third_Party/FreeRTOS/Source/tasks.c.obj
                0x08006918                vTaskSwitchContext
 .text.vTaskPlaceOnEventList
                0x080069b4       0x34 CMakeFiles/C620_Test.elf.dir/Middlewares/Third_Party/FreeRTOS/Source/tasks.c.obj
                0x080069b4                vTaskPlaceOnEventList
 .text.vTaskPlaceOnEventListRestricted
                0x080069e8       0x3c CMakeFiles/C620_Test.elf.dir/Middlewares/Third_Party/FreeRTOS/Source/tasks.c.obj
                0x080069e8                vTaskPlaceOnEventListRestricted
 .text.xTaskRemoveFromEventList
                0x08006a24       0x90 CMakeFiles/C620_Test.elf.dir/Middlewares/Third_Party/FreeRTOS/Source/tasks.c.obj
                0x08006a24                xTaskRemoveFromEventList
 .text.vTaskInternalSetTimeOutState
                0x08006ab4       0x18 CMakeFiles/C620_Test.elf.dir/Middlewares/Third_Party/FreeRTOS/Source/tasks.c.obj
                0x08006ab4                vTaskInternalSetTimeOutState
 .text.xTaskCheckForTimeOut
                0x08006acc       0x8c CMakeFiles/C620_Test.elf.dir/Middlewares/Third_Party/FreeRTOS/Source/tasks.c.obj
                0x08006acc                xTaskCheckForTimeOut
 .text.vTaskMissedYield
                0x08006b58        0xc CMakeFiles/C620_Test.elf.dir/Middlewares/Third_Party/FreeRTOS/Source/tasks.c.obj
                0x08006b58                vTaskMissedYield
 .text.xTaskGetSchedulerState
                0x08006b64       0x20 CMakeFiles/C620_Test.elf.dir/Middlewares/Third_Party/FreeRTOS/Source/tasks.c.obj
                0x08006b64                xTaskGetSchedulerState
 .text.xTaskPriorityDisinherit
                0x08006b84       0x98 CMakeFiles/C620_Test.elf.dir/Middlewares/Third_Party/FreeRTOS/Source/tasks.c.obj
                0x08006b84                xTaskPriorityDisinherit
 .text.prvGetNextExpireTime
                0x08006c1c       0x20 CMakeFiles/C620_Test.elf.dir/Middlewares/Third_Party/FreeRTOS/Source/timers.c.obj
 .text.prvInsertTimerInActiveList
                0x08006c3c       0x50 CMakeFiles/C620_Test.elf.dir/Middlewares/Third_Party/FreeRTOS/Source/timers.c.obj
 .text.prvCheckForValidListAndQueue
                0x08006c8c       0x70 CMakeFiles/C620_Test.elf.dir/Middlewares/Third_Party/FreeRTOS/Source/timers.c.obj
 .text.prvInitialiseNewTimer
                0x08006cfc       0x50 CMakeFiles/C620_Test.elf.dir/Middlewares/Third_Party/FreeRTOS/Source/timers.c.obj
 .text.xTimerCreateTimerTask
                0x08006d4c       0x68 CMakeFiles/C620_Test.elf.dir/Middlewares/Third_Party/FreeRTOS/Source/timers.c.obj
                0x08006d4c                xTimerCreateTimerTask
 .text.xTimerCreate
                0x08006db4       0x38 CMakeFiles/C620_Test.elf.dir/Middlewares/Third_Party/FreeRTOS/Source/timers.c.obj
                0x08006db4                xTimerCreate
 .text.xTimerCreateStatic
                0x08006dec       0x5c CMakeFiles/C620_Test.elf.dir/Middlewares/Third_Party/FreeRTOS/Source/timers.c.obj
                0x08006dec                xTimerCreateStatic
 .text.xTimerGenericCommand
                0x08006e48       0x70 CMakeFiles/C620_Test.elf.dir/Middlewares/Third_Party/FreeRTOS/Source/timers.c.obj
                0x08006e48                xTimerGenericCommand
 .text.prvSwitchTimerLists
                0x08006eb8       0x80 CMakeFiles/C620_Test.elf.dir/Middlewares/Third_Party/FreeRTOS/Source/timers.c.obj
 .text.prvSampleTimeNow
                0x08006f38       0x2c CMakeFiles/C620_Test.elf.dir/Middlewares/Third_Party/FreeRTOS/Source/timers.c.obj
 .text.prvProcessExpiredTimer
                0x08006f64       0x70 CMakeFiles/C620_Test.elf.dir/Middlewares/Third_Party/FreeRTOS/Source/timers.c.obj
 .text.prvProcessTimerOrBlockTask
                0x08006fd4       0x78 CMakeFiles/C620_Test.elf.dir/Middlewares/Third_Party/FreeRTOS/Source/timers.c.obj
 .text.prvProcessReceivedCommands
                0x0800704c      0x114 CMakeFiles/C620_Test.elf.dir/Middlewares/Third_Party/FreeRTOS/Source/timers.c.obj
 .text.prvTimerTask
                0x08007160       0x16 CMakeFiles/C620_Test.elf.dir/Middlewares/Third_Party/FreeRTOS/Source/timers.c.obj
 .text.pvTimerGetTimerID
                0x08007176       0x2a CMakeFiles/C620_Test.elf.dir/Middlewares/Third_Party/FreeRTOS/Source/timers.c.obj
                0x08007176                pvTimerGetTimerID
 .text.__udivmoddi4
                0x080071a0      0x2a0 /usr/lib/gcc/arm-none-eabi/13.2.0/thumb/v7e-m+fp/hard/libgcc.a(_udivmoddi4.o)
                0x080071a0                __udivmoddi4
 .text.atexit   0x08007440        0xc /usr/lib/gcc/arm-none-eabi/13.2.0/../../../../arm-none-eabi/lib/thumb/v7e-m+fp/hard/libg.a(libc_a-atexit.o)
                0x08007440                atexit
 .text.stdio_exit_handler
                0x0800744c       0x18 /usr/lib/gcc/arm-none-eabi/13.2.0/../../../../arm-none-eabi/lib/thumb/v7e-m+fp/hard/libg.a(libc_a-findfp.o)
 .text.cleanup_stdio
                0x08007464       0x40 /usr/lib/gcc/arm-none-eabi/13.2.0/../../../../arm-none-eabi/lib/thumb/v7e-m+fp/hard/libg.a(libc_a-findfp.o)
 .text.global_stdio_init.part.0
                0x080074a4       0xf0 /usr/lib/gcc/arm-none-eabi/13.2.0/../../../../arm-none-eabi/lib/thumb/v7e-m+fp/hard/libg.a(libc_a-findfp.o)
 .text.__sinit  0x08007594       0x3c /usr/lib/gcc/arm-none-eabi/13.2.0/../../../../arm-none-eabi/lib/thumb/v7e-m+fp/hard/libg.a(libc_a-findfp.o)
                0x08007594                __sinit
 .text.__sfp_lock_acquire
                0x080075d0        0xc /usr/lib/gcc/arm-none-eabi/13.2.0/../../../../arm-none-eabi/lib/thumb/v7e-m+fp/hard/libg.a(libc_a-findfp.o)
                0x080075d0                __sfp_lock_acquire
 .text.__sfp_lock_release
                0x080075dc        0xc /usr/lib/gcc/arm-none-eabi/13.2.0/../../../../arm-none-eabi/lib/thumb/v7e-m+fp/hard/libg.a(libc_a-findfp.o)
                0x080075dc                __sfp_lock_release
 .text._fwalk_sglue
                0x080075e8       0x48 /usr/lib/gcc/arm-none-eabi/13.2.0/../../../../arm-none-eabi/lib/thumb/v7e-m+fp/hard/libg.a(libc_a-fwalk.o)
                0x080075e8                _fwalk_sglue
 .text.printf   0x08007630       0x28 /usr/lib/gcc/arm-none-eabi/13.2.0/../../../../arm-none-eabi/lib/thumb/v7e-m+fp/hard/libg.a(libc_a-printf.o)
                0x08007630                printf
 .text._puts_r  0x08007658       0x98 /usr/lib/gcc/arm-none-eabi/13.2.0/../../../../arm-none-eabi/lib/thumb/v7e-m+fp/hard/libg.a(libc_a-puts.o)
                0x08007658                _puts_r
 .text.puts     0x080076f0       0x10 /usr/lib/gcc/arm-none-eabi/13.2.0/../../../../arm-none-eabi/lib/thumb/v7e-m+fp/hard/libg.a(libc_a-puts.o)
                0x080076f0                puts
 .text.__sread  0x08007700       0x24 /usr/lib/gcc/arm-none-eabi/13.2.0/../../../../arm-none-eabi/lib/thumb/v7e-m+fp/hard/libg.a(libc_a-stdio.o)
                0x08007700                __sread
 .text.__swrite
                0x08007724       0x40 /usr/lib/gcc/arm-none-eabi/13.2.0/../../../../arm-none-eabi/lib/thumb/v7e-m+fp/hard/libg.a(libc_a-stdio.o)
                0x08007724                __swrite
 .text.__sseek  0x08007764       0x24 /usr/lib/gcc/arm-none-eabi/13.2.0/../../../../arm-none-eabi/lib/thumb/v7e-m+fp/hard/libg.a(libc_a-stdio.o)
                0x08007764                __sseek
 .text.__sclose
                0x08007788        0x8 /usr/lib/gcc/arm-none-eabi/13.2.0/../../../../arm-none-eabi/lib/thumb/v7e-m+fp/hard/libg.a(libc_a-stdio.o)
                0x08007788                __sclose
 .text.memset   0x08007790       0xa4 /usr/lib/gcc/arm-none-eabi/13.2.0/../../../../arm-none-eabi/lib/thumb/v7e-m+fp/hard/libg.a(libc_a-memset.o)
                0x08007790                memset
 .text._close_r
                0x08007834       0x24 /usr/lib/gcc/arm-none-eabi/13.2.0/../../../../arm-none-eabi/lib/thumb/v7e-m+fp/hard/libg.a(libc_a-closer.o)
                0x08007834                _close_r
 .text._lseek_r
                0x08007858       0x2c /usr/lib/gcc/arm-none-eabi/13.2.0/../../../../arm-none-eabi/lib/thumb/v7e-m+fp/hard/libg.a(libc_a-lseekr.o)
                0x08007858                _lseek_r
 .text._read_r  0x08007884       0x2c /usr/lib/gcc/arm-none-eabi/13.2.0/../../../../arm-none-eabi/lib/thumb/v7e-m+fp/hard/libg.a(libc_a-readr.o)
                0x08007884                _read_r
 .text._write_r
                0x080078b0       0x2c /usr/lib/gcc/arm-none-eabi/13.2.0/../../../../arm-none-eabi/lib/thumb/v7e-m+fp/hard/libg.a(libc_a-writer.o)
                0x080078b0                _write_r
 .text.__errno  0x080078dc        0xc /usr/lib/gcc/arm-none-eabi/13.2.0/../../../../arm-none-eabi/lib/thumb/v7e-m+fp/hard/libg.a(libc_a-errno.o)
                0x080078dc                __errno
 .text.__libc_init_array
                0x080078e8       0x50 /usr/lib/gcc/arm-none-eabi/13.2.0/../../../../arm-none-eabi/lib/thumb/v7e-m+fp/hard/libg.a(libc_a-init.o)
                0x080078e8                __libc_init_array
 .text.__libc_fini_array
                0x08007938       0x28 /usr/lib/gcc/arm-none-eabi/13.2.0/../../../../arm-none-eabi/lib/thumb/v7e-m+fp/hard/libg.a(libc_a-fini.o)
                0x08007938                __libc_fini_array
 .text.__retarget_lock_init_recursive
                0x08007960        0x4 /usr/lib/gcc/arm-none-eabi/13.2.0/../../../../arm-none-eabi/lib/thumb/v7e-m+fp/hard/libg.a(libc_a-lock.o)
                0x08007960                __retarget_lock_init_recursive
 .text.__retarget_lock_close_recursive
                0x08007964        0x4 /usr/lib/gcc/arm-none-eabi/13.2.0/../../../../arm-none-eabi/lib/thumb/v7e-m+fp/hard/libg.a(libc_a-lock.o)
                0x08007964                __retarget_lock_close_recursive
 .text.__retarget_lock_acquire_recursive
                0x08007968        0x4 /usr/lib/gcc/arm-none-eabi/13.2.0/../../../../arm-none-eabi/lib/thumb/v7e-m+fp/hard/libg.a(libc_a-lock.o)
                0x08007968                __retarget_lock_acquire_recursive
 .text.__retarget_lock_release_recursive
                0x0800796c        0x4 /usr/lib/gcc/arm-none-eabi/13.2.0/../../../../arm-none-eabi/lib/thumb/v7e-m+fp/hard/libg.a(libc_a-lock.o)
                0x0800796c                __retarget_lock_release_recursive
 .text.__register_exitproc
                0x08007970       0x80 /usr/lib/gcc/arm-none-eabi/13.2.0/../../../../arm-none-eabi/lib/thumb/v7e-m+fp/hard/libg.a(libc_a-__atexit.o)
                0x08007970                __register_exitproc
 .text.startup.register_fini
                0x080079f0       0x14 /usr/lib/gcc/arm-none-eabi/13.2.0/../../../../arm-none-eabi/lib/thumb/v7e-m+fp/hard/libg.a(libc_a-__call_atexit.o)
 .text._malloc_trim_r
                0x08007a04       0xb8 /usr/lib/gcc/arm-none-eabi/13.2.0/../../../../arm-none-eabi/lib/thumb/v7e-m+fp/hard/libg.a(libc_a-freer.o)
                0x08007a04                _malloc_trim_r
 .text._free_r  0x08007abc      0x1fc /usr/lib/gcc/arm-none-eabi/13.2.0/../../../../arm-none-eabi/lib/thumb/v7e-m+fp/hard/libg.a(libc_a-freer.o)
                0x08007abc                _free_r
 .text._malloc_r
                0x08007cb8      0x56c /usr/lib/gcc/arm-none-eabi/13.2.0/../../../../arm-none-eabi/lib/thumb/v7e-m+fp/hard/libg.a(libc_a-mallocr.o)
                0x08007cb8                _malloc_r
 .text.__malloc_lock
                0x08008224        0xc /usr/lib/gcc/arm-none-eabi/13.2.0/../../../../arm-none-eabi/lib/thumb/v7e-m+fp/hard/libg.a(libc_a-mlock.o)
                0x08008224                __malloc_lock
 .text.__malloc_unlock
                0x08008230        0xc /usr/lib/gcc/arm-none-eabi/13.2.0/../../../../arm-none-eabi/lib/thumb/v7e-m+fp/hard/libg.a(libc_a-mlock.o)
                0x08008230                __malloc_unlock
 *fill*         0x0800823c        0x4 
 .text._vfprintf_r
                0x08008240     0x1ae4 /usr/lib/gcc/arm-none-eabi/13.2.0/../../../../arm-none-eabi/lib/thumb/v7e-m+fp/hard/libg.a(libc_a-vfprintf.o)
                0x08008240                _vfprintf_r
 .text.__sbprintf
                0x08009d24       0x80 /usr/lib/gcc/arm-none-eabi/13.2.0/../../../../arm-none-eabi/lib/thumb/v7e-m+fp/hard/libg.a(libc_a-vfprintf.o)
 .text.__sprint_r.part.0
                0x08009da4       0x78 /usr/lib/gcc/arm-none-eabi/13.2.0/../../../../arm-none-eabi/lib/thumb/v7e-m+fp/hard/libg.a(libc_a-vfiprintf.o)
 .text.__sprint_r
                0x08009e1c       0x18 /usr/lib/gcc/arm-none-eabi/13.2.0/../../../../arm-none-eabi/lib/thumb/v7e-m+fp/hard/libg.a(libc_a-vfiprintf.o)
                0x08009e1c                __sprint_r
 .text._vfiprintf_r
                0x08009e34      0xd4c /usr/lib/gcc/arm-none-eabi/13.2.0/../../../../arm-none-eabi/lib/thumb/v7e-m+fp/hard/libg.a(libc_a-vfiprintf.o)
                0x08009e34                _vfiprintf_r
 .text.__sbprintf
                0x0800ab80       0x80 /usr/lib/gcc/arm-none-eabi/13.2.0/../../../../arm-none-eabi/lib/thumb/v7e-m+fp/hard/libg.a(libc_a-vfiprintf.o)
 .text._fclose_r
                0x0800ac00       0xc0 /usr/lib/gcc/arm-none-eabi/13.2.0/../../../../arm-none-eabi/lib/thumb/v7e-m+fp/hard/libg.a(libc_a-fclose.o)
                0x0800ac00                _fclose_r
 .text.__sflush_r
                0x0800acc0      0x138 /usr/lib/gcc/arm-none-eabi/13.2.0/../../../../arm-none-eabi/lib/thumb/v7e-m+fp/hard/libg.a(libc_a-fflush.o)
                0x0800acc0                __sflush_r
 .text._fflush_r
                0x0800adf8       0x54 /usr/lib/gcc/arm-none-eabi/13.2.0/../../../../arm-none-eabi/lib/thumb/v7e-m+fp/hard/libg.a(libc_a-fflush.o)
                0x0800adf8                _fflush_r
 .text.__sfvwrite_r
                0x0800ae4c      0x300 /usr/lib/gcc/arm-none-eabi/13.2.0/../../../../arm-none-eabi/lib/thumb/v7e-m+fp/hard/libg.a(libc_a-fvwrite.o)
                0x0800ae4c                __sfvwrite_r
 .text.__swsetup_r
                0x0800b14c       0xc0 /usr/lib/gcc/arm-none-eabi/13.2.0/../../../../arm-none-eabi/lib/thumb/v7e-m+fp/hard/libg.a(libc_a-wsetup.o)
                0x0800b14c                __swsetup_r
 .text.__fputwc
                0x0800b20c       0x7c /usr/lib/gcc/arm-none-eabi/13.2.0/../../../../arm-none-eabi/lib/thumb/v7e-m+fp/hard/libg.a(libc_a-fputwc.o)
                0x0800b20c                __fputwc
 .text._fputwc_r
                0x0800b288       0x60 /usr/lib/gcc/arm-none-eabi/13.2.0/../../../../arm-none-eabi/lib/thumb/v7e-m+fp/hard/libg.a(libc_a-fputwc.o)
                0x0800b288                _fputwc_r
 .text.memmove  0x0800b2e8      0x100 /usr/lib/gcc/arm-none-eabi/13.2.0/../../../../arm-none-eabi/lib/thumb/v7e-m+fp/hard/libg.a(libc_a-memmove.o)
                0x0800b2e8                memmove
 .text.strncpy  0x0800b3e8       0x68 /usr/lib/gcc/arm-none-eabi/13.2.0/../../../../arm-none-eabi/lib/thumb/v7e-m+fp/hard/libg.a(libc_a-strncpy.o)
                0x0800b3e8                strncpy
 .text.__locale_mb_cur_max
                0x0800b450        0xc /usr/lib/gcc/arm-none-eabi/13.2.0/../../../../arm-none-eabi/lib/thumb/v7e-m+fp/hard/libg.a(libc_a-locale.o)
                0x0800b450                __locale_mb_cur_max
 .text._localeconv_r
                0x0800b45c        0x8 /usr/lib/gcc/arm-none-eabi/13.2.0/../../../../arm-none-eabi/lib/thumb/v7e-m+fp/hard/libg.a(libc_a-localeconv.o)
                0x0800b45c                _localeconv_r
 .text._sbrk_r  0x0800b464       0x24 /usr/lib/gcc/arm-none-eabi/13.2.0/../../../../arm-none-eabi/lib/thumb/v7e-m+fp/hard/libg.a(libc_a-sbrkr.o)
                0x0800b464                _sbrk_r
 .text.sysconf  0x0800b488       0x1c /usr/lib/gcc/arm-none-eabi/13.2.0/../../../../arm-none-eabi/lib/thumb/v7e-m+fp/hard/libg.a(libc_a-sysconf.o)
                0x0800b488                sysconf
 .text.frexp    0x0800b4a4       0x68 /usr/lib/gcc/arm-none-eabi/13.2.0/../../../../arm-none-eabi/lib/thumb/v7e-m+fp/hard/libg.a(libm_a-s_frexp.o)
                0x0800b4a4                frexp
 .text.quorem   0x0800b50c      0x12c /usr/lib/gcc/arm-none-eabi/13.2.0/../../../../arm-none-eabi/lib/thumb/v7e-m+fp/hard/libg.a(libc_a-dtoa.o)
 .text._dtoa_r  0x0800b638      0xe4c /usr/lib/gcc/arm-none-eabi/13.2.0/../../../../arm-none-eabi/lib/thumb/v7e-m+fp/hard/libg.a(libc_a-dtoa.o)
                0x0800b638                _dtoa_r
 .text.__ascii_mbtowc
                0x0800c484       0x2c /usr/lib/gcc/arm-none-eabi/13.2.0/../../../../arm-none-eabi/lib/thumb/v7e-m+fp/hard/libg.a(libc_a-mbtowc_r.o)
                0x0800c484                __ascii_mbtowc
 .text._Balloc  0x0800c4b0       0x4c /usr/lib/gcc/arm-none-eabi/13.2.0/../../../../arm-none-eabi/lib/thumb/v7e-m+fp/hard/libg.a(libc_a-mprec.o)
                0x0800c4b0                _Balloc
 .text._Bfree   0x0800c4fc       0x14 /usr/lib/gcc/arm-none-eabi/13.2.0/../../../../arm-none-eabi/lib/thumb/v7e-m+fp/hard/libg.a(libc_a-mprec.o)
                0x0800c4fc                _Bfree
 .text.__multadd
                0x0800c510       0xa0 /usr/lib/gcc/arm-none-eabi/13.2.0/../../../../arm-none-eabi/lib/thumb/v7e-m+fp/hard/libg.a(libc_a-mprec.o)
                0x0800c510                __multadd
 .text.__hi0bits
                0x0800c5b0       0x44 /usr/lib/gcc/arm-none-eabi/13.2.0/../../../../arm-none-eabi/lib/thumb/v7e-m+fp/hard/libg.a(libc_a-mprec.o)
                0x0800c5b0                __hi0bits
 .text.__lo0bits
                0x0800c5f4       0x60 /usr/lib/gcc/arm-none-eabi/13.2.0/../../../../arm-none-eabi/lib/thumb/v7e-m+fp/hard/libg.a(libc_a-mprec.o)
                0x0800c5f4                __lo0bits
 .text.__i2b    0x0800c654       0x5c /usr/lib/gcc/arm-none-eabi/13.2.0/../../../../arm-none-eabi/lib/thumb/v7e-m+fp/hard/libg.a(libc_a-mprec.o)
                0x0800c654                __i2b
 .text.__multiply
                0x0800c6b0      0x16c /usr/lib/gcc/arm-none-eabi/13.2.0/../../../../arm-none-eabi/lib/thumb/v7e-m+fp/hard/libg.a(libc_a-mprec.o)
                0x0800c6b0                __multiply
 .text.__pow5mult
                0x0800c81c       0xb4 /usr/lib/gcc/arm-none-eabi/13.2.0/../../../../arm-none-eabi/lib/thumb/v7e-m+fp/hard/libg.a(libc_a-mprec.o)
                0x0800c81c                __pow5mult
 .text.__lshift
                0x0800c8d0       0xf0 /usr/lib/gcc/arm-none-eabi/13.2.0/../../../../arm-none-eabi/lib/thumb/v7e-m+fp/hard/libg.a(libc_a-mprec.o)
                0x0800c8d0                __lshift
 .text.__mcmp   0x0800c9c0       0x44 /usr/lib/gcc/arm-none-eabi/13.2.0/../../../../arm-none-eabi/lib/thumb/v7e-m+fp/hard/libg.a(libc_a-mprec.o)
                0x0800c9c0                __mcmp
 .text.__mdiff  0x0800ca04      0x164 /usr/lib/gcc/arm-none-eabi/13.2.0/../../../../arm-none-eabi/lib/thumb/v7e-m+fp/hard/libg.a(libc_a-mprec.o)
                0x0800ca04                __mdiff
 .text.__d2b    0x0800cb68       0xc0 /usr/lib/gcc/arm-none-eabi/13.2.0/../../../../arm-none-eabi/lib/thumb/v7e-m+fp/hard/libg.a(libc_a-mprec.o)
                0x0800cb68                __d2b
 .text._realloc_r
                0x0800cc28      0x344 /usr/lib/gcc/arm-none-eabi/13.2.0/../../../../arm-none-eabi/lib/thumb/v7e-m+fp/hard/libg.a(libc_a-reallocr.o)
                0x0800cc28                _realloc_r
 .text.__ascii_wctomb
                0x0800cf6c       0x1c /usr/lib/gcc/arm-none-eabi/13.2.0/../../../../arm-none-eabi/lib/thumb/v7e-m+fp/hard/libg.a(libc_a-wctomb_r.o)
                0x0800cf6c                __ascii_wctomb
 .text._wcrtomb_r
                0x0800cf88       0x34 /usr/lib/gcc/arm-none-eabi/13.2.0/../../../../arm-none-eabi/lib/thumb/v7e-m+fp/hard/libg.a(libc_a-wcrtomb.o)
                0x0800cf88                _wcrtomb_r
 .text.__smakebuf_r
                0x0800cfbc       0xdc /usr/lib/gcc/arm-none-eabi/13.2.0/../../../../arm-none-eabi/lib/thumb/v7e-m+fp/hard/libg.a(libc_a-makebuf.o)
                0x0800cfbc                __smakebuf_r
 .text.__swbuf_r
                0x0800d098       0xac /usr/lib/gcc/arm-none-eabi/13.2.0/../../../../arm-none-eabi/lib/thumb/v7e-m+fp/hard/libg.a(libc_a-wbuf.o)
                0x0800d098                __swbuf_r
 .text._fstat_r
                0x0800d144       0x2c /usr/lib/gcc/arm-none-eabi/13.2.0/../../../../arm-none-eabi/lib/thumb/v7e-m+fp/hard/libg.a(libc_a-fstatr.o)
                0x0800d144                _fstat_r
 .text._isatty_r
                0x0800d170       0x24 /usr/lib/gcc/arm-none-eabi/13.2.0/../../../../arm-none-eabi/lib/thumb/v7e-m+fp/hard/libg.a(libc_a-isattyr.o)
                0x0800d170                _isatty_r
 .text.__assert_func
                0x0800d194       0x40 /usr/lib/gcc/arm-none-eabi/13.2.0/../../../../arm-none-eabi/lib/thumb/v7e-m+fp/hard/libg.a(libc_a-assert.o)
                0x0800d194                __assert_func
 .text._calloc_r
                0x0800d1d4       0x6c /usr/lib/gcc/arm-none-eabi/13.2.0/../../../../arm-none-eabi/lib/thumb/v7e-m+fp/hard/libg.a(libc_a-callocr.o)
                0x0800d1d4                _calloc_r
 .text.fiprintf
                0x0800d240       0x28 /usr/lib/gcc/arm-none-eabi/13.2.0/../../../../arm-none-eabi/lib/thumb/v7e-m+fp/hard/libg.a(libc_a-fiprintf.o)
                0x0800d240                fiprintf
 .text.abort    0x0800d268       0x10 /usr/lib/gcc/arm-none-eabi/13.2.0/../../../../arm-none-eabi/lib/thumb/v7e-m+fp/hard/libg.a(libc_a-abort.o)
                0x0800d268                abort
 .text.raise    0x0800d278       0x58 /usr/lib/gcc/arm-none-eabi/13.2.0/../../../../arm-none-eabi/lib/thumb/v7e-m+fp/hard/libg.a(libc_a-signal.o)
                0x0800d278                raise
 .text._kill_r  0x0800d2d0       0x2c /usr/lib/gcc/arm-none-eabi/13.2.0/../../../../arm-none-eabi/lib/thumb/v7e-m+fp/hard/libg.a(libc_a-signalr.o)
                0x0800d2d0                _kill_r
 .text._getpid_r
                0x0800d2fc        0x4 /usr/lib/gcc/arm-none-eabi/13.2.0/../../../../arm-none-eabi/lib/thumb/v7e-m+fp/hard/libg.a(libc_a-signalr.o)
                0x0800d2fc                _getpid_r
 .text.fmaxf    0x0800d300       0x3c /usr/lib/gcc/arm-none-eabi/13.2.0/../../../../arm-none-eabi/lib/thumb/v7e-m+fp/hard/libm.a(libm_a-sf_fmax.o)
                0x0800d300                fmaxf
 .text.fminf    0x0800d33c       0x3c /usr/lib/gcc/arm-none-eabi/13.2.0/../../../../arm-none-eabi/lib/thumb/v7e-m+fp/hard/libm.a(libm_a-sf_fmin.o)
                0x0800d33c                fminf
 .text.__fpclassifyf
                0x0800d378       0x38 /usr/lib/gcc/arm-none-eabi/13.2.0/../../../../arm-none-eabi/lib/thumb/v7e-m+fp/hard/libm.a(libm_a-sf_fpclassify.o)
                0x0800d378                __fpclassifyf
 *(.glue_7)
 .glue_7        0x0800d3b0        0x0 linker stubs
 *(.glue_7t)
 .glue_7t       0x0800d3b0        0x0 linker stubs
 *(.eh_frame)
 .eh_frame      0x0800d3b0        0x0 /usr/lib/gcc/arm-none-eabi/13.2.0/thumb/v7e-m+fp/hard/crtbegin.o
 *(.init)
 .init          0x0800d3b0        0x4 /usr/lib/gcc/arm-none-eabi/13.2.0/thumb/v7e-m+fp/hard/crti.o
                0x0800d3b0                _init
 .init          0x0800d3b4        0x8 /usr/lib/gcc/arm-none-eabi/13.2.0/thumb/v7e-m+fp/hard/crtn.o
 *(.fini)
 .fini          0x0800d3bc        0x4 /usr/lib/gcc/arm-none-eabi/13.2.0/thumb/v7e-m+fp/hard/crti.o
                0x0800d3bc                _fini
 .fini          0x0800d3c0        0x8 /usr/lib/gcc/arm-none-eabi/13.2.0/thumb/v7e-m+fp/hard/crtn.o
                0x0800d3c8                        . = ALIGN (0x4)
                0x0800d3c8                        _etext = .

.vfp11_veneer   0x0800d3c8        0x0
 .vfp11_veneer  0x0800d3c8        0x0 linker stubs

.v4_bx          0x0800d3c8        0x0
 .v4_bx         0x0800d3c8        0x0 linker stubs

.iplt           0x0800d3c8        0x0
 .iplt          0x0800d3c8        0x0 /usr/lib/gcc/arm-none-eabi/13.2.0/thumb/v7e-m+fp/hard/crtbegin.o

.rodata         0x0800d3c8      0x4ec
                0x0800d3c8                        . = ALIGN (0x4)
 *(.rodata)
 *(.rodata*)
 .rodata.C620_SendRequest.str1.4
                0x0800d3c8      0x253 CMakeFiles/C620_Test.elf.dir/CANLib_RoboMas/CAN_C620/CAN_C620.c.obj
                                 0x1c (size before relaxing)
 .rodata.C620_WaitForConnect.str1.4
                0x0800d61b       0x36 CMakeFiles/C620_Test.elf.dir/CANLib_RoboMas/CAN_C620/CAN_C620.c.obj
 .rodata.C620_WhenCANRxFifo1MsgPending.str1.4
                0x0800d61b       0x15 CMakeFiles/C620_Test.elf.dir/CANLib_RoboMas/CAN_C620_System/CAN_C620_System.c.obj
 .rodata.Init_C620_CAN_System.str1.4
                0x0800d61b       0x5c CMakeFiles/C620_Test.elf.dir/CANLib_RoboMas/CAN_C620_System/CAN_C620_System.c.obj
 .rodata.StartDefaultTask.str1.4
                0x0800d61b       0x1b CMakeFiles/C620_Test.elf.dir/Core/Src/main.c.obj
 .rodata.str1.4
                0x0800d61b       0x18 CMakeFiles/C620_Test.elf.dir/Core/Src/main.c.obj
 *fill*         0x0800d61b        0x1 
 .rodata.myTimer01_attributes
                0x0800d61c       0x10 CMakeFiles/C620_Test.elf.dir/Core/Src/main.c.obj
                0x0800d61c                myTimer01_attributes
 .rodata.defaultTask_attributes
                0x0800d62c       0x24 CMakeFiles/C620_Test.elf.dir/Core/Src/main.c.obj
                0x0800d62c                defaultTask_attributes
 .rodata.APBPrescTable
                0x0800d650        0x8 CMakeFiles/C620_Test.elf.dir/Core/Src/system_stm32f7xx.c.obj
                0x0800d650                APBPrescTable
 .rodata.AHBPrescTable
                0x0800d658       0x10 CMakeFiles/C620_Test.elf.dir/Core/Src/system_stm32f7xx.c.obj
                0x0800d658                AHBPrescTable
 .rodata.flagBitshiftOffset.0
                0x0800d668        0x8 CMakeFiles/C620_Test.elf.dir/Drivers/STM32F7xx_HAL_Driver/Src/stm32f7xx_hal_dma.c.obj
 .rodata.vTaskStartScheduler.str1.4
                0x0800d670        0x5 CMakeFiles/C620_Test.elf.dir/Middlewares/Third_Party/FreeRTOS/Source/tasks.c.obj
 .rodata.prvCheckForValidListAndQueue.str1.4
                0x0800d670        0x5 CMakeFiles/C620_Test.elf.dir/Middlewares/Third_Party/FreeRTOS/Source/timers.c.obj
 .rodata.xTimerCreateTimerTask.str1.4
                0x0800d670        0x8 CMakeFiles/C620_Test.elf.dir/Middlewares/Third_Party/FreeRTOS/Source/timers.c.obj
 .rodata._puts_r.str1.4
                0x0800d670        0x2 /usr/lib/gcc/arm-none-eabi/13.2.0/../../../../arm-none-eabi/lib/thumb/v7e-m+fp/hard/libg.a(libc_a-puts.o)
 .rodata._vfprintf_r.str1.4
                0x0800d670       0x42 /usr/lib/gcc/arm-none-eabi/13.2.0/../../../../arm-none-eabi/lib/thumb/v7e-m+fp/hard/libg.a(libc_a-vfprintf.o)
 .rodata.zeroes.0
                0x0800d670       0x10 /usr/lib/gcc/arm-none-eabi/13.2.0/../../../../arm-none-eabi/lib/thumb/v7e-m+fp/hard/libg.a(libc_a-vfprintf.o)
 .rodata.blanks.1
                0x0800d680       0x10 /usr/lib/gcc/arm-none-eabi/13.2.0/../../../../arm-none-eabi/lib/thumb/v7e-m+fp/hard/libg.a(libc_a-vfprintf.o)
 .rodata._vfiprintf_r.str1.4
                0x0800d690       0x2f /usr/lib/gcc/arm-none-eabi/13.2.0/../../../../arm-none-eabi/lib/thumb/v7e-m+fp/hard/libg.a(libc_a-vfiprintf.o)
 .rodata.zeroes.0
                0x0800d690       0x10 /usr/lib/gcc/arm-none-eabi/13.2.0/../../../../arm-none-eabi/lib/thumb/v7e-m+fp/hard/libg.a(libc_a-vfiprintf.o)
 .rodata.blanks.1
                0x0800d6a0       0x10 /usr/lib/gcc/arm-none-eabi/13.2.0/../../../../arm-none-eabi/lib/thumb/v7e-m+fp/hard/libg.a(libc_a-vfiprintf.o)
 .rodata._setlocale_r.str1.4
                0x0800d6b0        0xd /usr/lib/gcc/arm-none-eabi/13.2.0/../../../../arm-none-eabi/lib/thumb/v7e-m+fp/hard/libg.a(libc_a-locale.o)
 .rodata.str1.4
                0x0800d6b0        0x2 /usr/lib/gcc/arm-none-eabi/13.2.0/../../../../arm-none-eabi/lib/thumb/v7e-m+fp/hard/libg.a(libc_a-locale.o)
 .rodata._dtoa_r.str1.4
                0x0800d6b0       0x6a /usr/lib/gcc/arm-none-eabi/13.2.0/../../../../arm-none-eabi/lib/thumb/v7e-m+fp/hard/libg.a(libc_a-dtoa.o)
 .rodata.__multadd.str1.4
                0x0800d6b0       0x57 /usr/lib/gcc/arm-none-eabi/13.2.0/../../../../arm-none-eabi/lib/thumb/v7e-m+fp/hard/libg.a(libc_a-mprec.o)
 .rodata.p05.0  0x0800d6b0        0xc /usr/lib/gcc/arm-none-eabi/13.2.0/../../../../arm-none-eabi/lib/thumb/v7e-m+fp/hard/libg.a(libc_a-mprec.o)
 *fill*         0x0800d6bc        0x4 
 .rodata.__mprec_bigtens
                0x0800d6c0       0x28 /usr/lib/gcc/arm-none-eabi/13.2.0/../../../../arm-none-eabi/lib/thumb/v7e-m+fp/hard/libg.a(libc_a-mprec.o)
                0x0800d6c0                __mprec_bigtens
 .rodata.__mprec_tens
                0x0800d6e8       0xc8 /usr/lib/gcc/arm-none-eabi/13.2.0/../../../../arm-none-eabi/lib/thumb/v7e-m+fp/hard/libg.a(libc_a-mprec.o)
                0x0800d6e8                __mprec_tens
 .rodata._ctype_
                0x0800d7b0      0x101 /usr/lib/gcc/arm-none-eabi/13.2.0/../../../../arm-none-eabi/lib/thumb/v7e-m+fp/hard/libg.a(libc_a-ctype_.o)
                0x0800d7b0                _ctype_
 .rodata.__assert_func.str1.4
                0x0800d8b1       0x43 /usr/lib/gcc/arm-none-eabi/13.2.0/../../../../arm-none-eabi/lib/thumb/v7e-m+fp/hard/libg.a(libc_a-assert.o)
                0x0800d8f4                        . = ALIGN (0x4)
 *fill*         0x0800d8b1        0x3 

.ARM.extab      0x0800d8b4        0x0
                0x0800d8b4                        . = ALIGN (0x4)
 *(.ARM.extab* .gnu.linkonce.armextab.*)
                0x0800d8b4                        . = ALIGN (0x4)

.ARM            0x0800d8b4        0x8
                0x0800d8b4                        . = ALIGN (0x4)
                0x0800d8b4                        __exidx_start = .
 *(.ARM.exidx*)
 .ARM.exidx     0x0800d8b4        0x8 /usr/lib/gcc/arm-none-eabi/13.2.0/../../../../arm-none-eabi/lib/thumb/v7e-m+fp/hard/libg.a(libc_a-memcpy.o)
 .ARM.exidx     0x0800d8bc        0x0 /usr/lib/gcc/arm-none-eabi/13.2.0/../../../../arm-none-eabi/lib/thumb/v7e-m+fp/hard/libg.a(libc_a-strlen.o)
                                  0x8 (size before relaxing)
 .ARM.exidx     0x0800d8bc        0x0 /usr/lib/gcc/arm-none-eabi/13.2.0/../../../../arm-none-eabi/lib/thumb/v7e-m+fp/hard/libg.a(libc_a-memchr.o)
                                  0x8 (size before relaxing)
 .ARM.exidx.text.__udivmoddi4
                0x0800d8bc        0x0 /usr/lib/gcc/arm-none-eabi/13.2.0/thumb/v7e-m+fp/hard/libgcc.a(_udivmoddi4.o)
                                  0x8 (size before relaxing)
                0x0800d8bc                        __exidx_end = .
                0x0800d8bc                        . = ALIGN (0x4)

.rel.dyn        0x0800d8bc        0x0
 .rel.iplt      0x0800d8bc        0x0 /usr/lib/gcc/arm-none-eabi/13.2.0/thumb/v7e-m+fp/hard/crtbegin.o

.preinit_array  0x0800d8bc        0x0
                0x0800d8bc                        . = ALIGN (0x4)
                0x0800d8bc                        PROVIDE (__preinit_array_start = .)
 *(.preinit_array*)
                0x0800d8bc                        PROVIDE (__preinit_array_end = .)
                0x0800d8bc                        . = ALIGN (0x4)

.init_array     0x0800d8bc        0x8
                0x0800d8bc                        . = ALIGN (0x4)
                0x0800d8bc                        PROVIDE (__init_array_start = .)
 *(SORT_BY_NAME(.init_array.*))
 .init_array.00000
                0x0800d8bc        0x4 /usr/lib/gcc/arm-none-eabi/13.2.0/../../../../arm-none-eabi/lib/thumb/v7e-m+fp/hard/libg.a(libc_a-__call_atexit.o)
 *(.init_array*)
 .init_array    0x0800d8c0        0x4 /usr/lib/gcc/arm-none-eabi/13.2.0/thumb/v7e-m+fp/hard/crtbegin.o
                0x0800d8c4                        PROVIDE (__init_array_end = .)
                0x0800d8c4                        . = ALIGN (0x4)

.fini_array     0x0800d8c4        0x4
                0x0800d8c4                        . = ALIGN (0x4)
                0x0800d8c4                        PROVIDE (__fini_array_start = .)
 *(SORT_BY_NAME(.fini_array.*))
 *(.fini_array*)
 .fini_array    0x0800d8c4        0x4 /usr/lib/gcc/arm-none-eabi/13.2.0/thumb/v7e-m+fp/hard/crtbegin.o
                0x0800d8c8                        PROVIDE (__fini_array_end = .)
                0x0800d8c8                        . = ALIGN (0x4)
                0x0800d8c8                        _sidata = LOADADDR (.data)

.data           0x20000000      0x6c4 load address 0x0800d8c8
                0x20000000                        . = ALIGN (0x4)
                0x20000000                        _sdata = .
 *(.data)
 *(.data*)
 .data.SystemCoreClock
                0x20000000        0x4 CMakeFiles/C620_Test.elf.dir/Core/Src/system_stm32f7xx.c.obj
                0x20000000                SystemCoreClock
 .data.uwTickFreq
                0x20000004        0x1 CMakeFiles/C620_Test.elf.dir/Drivers/STM32F7xx_HAL_Driver/Src/stm32f7xx_hal.c.obj
                0x20000004                uwTickFreq
 *fill*         0x20000005        0x3 
 .data.uwTickPrio
                0x20000008        0x4 CMakeFiles/C620_Test.elf.dir/Drivers/STM32F7xx_HAL_Driver/Src/stm32f7xx_hal.c.obj
                0x20000008                uwTickPrio
 .data.uxCriticalNesting
                0x2000000c        0x4 CMakeFiles/C620_Test.elf.dir/Middlewares/Third_Party/FreeRTOS/Source/portable/GCC/ARM_CM7/r0p1/port.c.obj
 .data.__sglue  0x20000010        0xc /usr/lib/gcc/arm-none-eabi/13.2.0/../../../../arm-none-eabi/lib/thumb/v7e-m+fp/hard/libg.a(libc_a-findfp.o)
                0x20000010                __sglue
 .data._impure_ptr
                0x2000001c        0x4 /usr/lib/gcc/arm-none-eabi/13.2.0/../../../../arm-none-eabi/lib/thumb/v7e-m+fp/hard/libg.a(libc_a-impure.o)
                0x2000001c                _impure_ptr
 .data._impure_data
                0x20000020      0x120 /usr/lib/gcc/arm-none-eabi/13.2.0/../../../../arm-none-eabi/lib/thumb/v7e-m+fp/hard/libg.a(libc_a-impure.o)
                0x20000020                _impure_data
 .data.__atexit_recursive_mutex
                0x20000140        0x4 /usr/lib/gcc/arm-none-eabi/13.2.0/../../../../arm-none-eabi/lib/thumb/v7e-m+fp/hard/libg.a(libc_a-__call_atexit.o)
                0x20000140                __atexit_recursive_mutex
 .data.__malloc_sbrk_base
                0x20000144        0x4 /usr/lib/gcc/arm-none-eabi/13.2.0/../../../../arm-none-eabi/lib/thumb/v7e-m+fp/hard/libg.a(libc_a-mallocr.o)
                0x20000144                __malloc_sbrk_base
 .data.__malloc_trim_threshold
                0x20000148        0x4 /usr/lib/gcc/arm-none-eabi/13.2.0/../../../../arm-none-eabi/lib/thumb/v7e-m+fp/hard/libg.a(libc_a-mallocr.o)
                0x20000148                __malloc_trim_threshold
 *fill*         0x2000014c        0x4 
 .data.__malloc_av_
                0x20000150      0x408 /usr/lib/gcc/arm-none-eabi/13.2.0/../../../../arm-none-eabi/lib/thumb/v7e-m+fp/hard/libg.a(libc_a-mallocr.o)
                0x20000150                __malloc_av_
 .data.__global_locale
                0x20000558      0x16c /usr/lib/gcc/arm-none-eabi/13.2.0/../../../../arm-none-eabi/lib/thumb/v7e-m+fp/hard/libg.a(libc_a-locale.o)
                0x20000558                __global_locale
 *(.RamFunc)
 *(.RamFunc*)
                0x200006c4                        . = ALIGN (0x4)
                0x200006c4                        _edata = .

.igot.plt       0x200006c4        0x0 load address 0x0800df8c
 .igot.plt      0x200006c4        0x0 /usr/lib/gcc/arm-none-eabi/13.2.0/thumb/v7e-m+fp/hard/crtbegin.o

.TxDecripSection
                0x200006c4       0xa0 load address 0x0800df8c
 .TxDecripSection
                0x200006c4       0xa0 CMakeFiles/C620_Test.elf.dir/Core/Src/main.c.obj
                0x200006c4                DMATxDscrTab

.RxDecripSection
                0x20000764       0xa0 load address 0x0800e02c
 .RxDecripSection
                0x20000764       0xa0 CMakeFiles/C620_Test.elf.dir/Core/Src/main.c.obj
                0x20000764                DMARxDscrTab
                0x20000804                        . = ALIGN (0x4)

.bss            0x20000808     0x7eac load address 0x0800e0cc
                0x20000808                        _sbss = .
                0x20000808                        __bss_start__ = _sbss
 *(.bss)
 *(.bss*)
 .bss.completed.1
                0x20000808        0x1 /usr/lib/gcc/arm-none-eabi/13.2.0/thumb/v7e-m+fp/hard/crtbegin.o
 *fill*         0x20000809        0x3 
 .bss.object.0  0x2000080c       0x18 /usr/lib/gcc/arm-none-eabi/13.2.0/thumb/v7e-m+fp/hard/crtbegin.o
 *fill*         0x20000824        0x4 
 .bss._c620_feedback_data_raw_global
                0x20000828      0x120 CMakeFiles/C620_Test.elf.dir/CANLib_RoboMas/CAN_C620_System/CAN_C620_System.c.obj
                0x20000828                _c620_feedback_data_raw_global
 .bss._can_buf_ring1
                0x20000948     0x200c CMakeFiles/C620_Test.elf.dir/CANLib_RoboMas/CAN_C620_System/CAN_C620_System.c.obj
                0x20000948                _can_buf_ring1
 .bss._c620_phcan_global
                0x20002954        0x4 CMakeFiles/C620_Test.elf.dir/CANLib_RoboMas/CAN_C620_System/CAN_C620_System.c.obj
                0x20002954                _c620_phcan_global
 .bss.MACAddr.0
                0x20002958        0x6 CMakeFiles/C620_Test.elf.dir/Core/Src/main.c.obj
 *fill*         0x2000295e        0x2 
 .bss.c620_dev_info_global
                0x20002960      0x160 CMakeFiles/C620_Test.elf.dir/Core/Src/main.c.obj
                0x20002960                c620_dev_info_global
 .bss.myTimer01ControlBlock
                0x20002ac0       0x2c CMakeFiles/C620_Test.elf.dir/Core/Src/main.c.obj
                0x20002ac0                myTimer01ControlBlock
 .bss.myTimer01Handle
                0x20002aec        0x4 CMakeFiles/C620_Test.elf.dir/Core/Src/main.c.obj
                0x20002aec                myTimer01Handle
 .bss.defaultTaskControlBlock
                0x20002af0       0x5c CMakeFiles/C620_Test.elf.dir/Core/Src/main.c.obj
                0x20002af0                defaultTaskControlBlock
 .bss.defaultTaskBuffer
                0x20002b4c      0x800 CMakeFiles/C620_Test.elf.dir/Core/Src/main.c.obj
                0x20002b4c                defaultTaskBuffer
 .bss.defaultTaskHandle
                0x2000334c        0x4 CMakeFiles/C620_Test.elf.dir/Core/Src/main.c.obj
                0x2000334c                defaultTaskHandle
 .bss.hpcd_USB_OTG_FS
                0x20003350      0x508 CMakeFiles/C620_Test.elf.dir/Core/Src/main.c.obj
                0x20003350                hpcd_USB_OTG_FS
 .bss.hdma_usart3_tx
                0x20003858       0x60 CMakeFiles/C620_Test.elf.dir/Core/Src/main.c.obj
                0x20003858                hdma_usart3_tx
 .bss.huart3    0x200038b8       0x88 CMakeFiles/C620_Test.elf.dir/Core/Src/main.c.obj
                0x200038b8                huart3
 .bss.heth      0x20003940       0xb0 CMakeFiles/C620_Test.elf.dir/Core/Src/main.c.obj
                0x20003940                heth
 .bss.hcan1     0x200039f0       0x28 CMakeFiles/C620_Test.elf.dir/Core/Src/main.c.obj
                0x200039f0                hcan1
 .bss.TxConfig  0x20003a18       0x38 CMakeFiles/C620_Test.elf.dir/Core/Src/main.c.obj
                0x20003a18                TxConfig
 .bss.__sbrk_heap_end